Component: ARM Compiler 5.06 update 5 (build 528) Tool: armlink [4d35e2]

==============================================================================

Section Cross References

    stm32l0xx_hal_rcc_ex.o(i.HAL_RCCEx_CRSWaitSynchronization) refers to stm32l0xx_hal.o(i.HAL_GetTick) for HAL_GetTick
    stm32l0xx_hal_rcc_ex.o(i.HAL_RCCEx_CRS_IRQHandler) refers to stm32l0xx_hal_rcc_ex.o(i.HAL_RCCEx_CRS_SyncOkCallback) for HAL_RCCEx_CRS_SyncOkCallback
    stm32l0xx_hal_rcc_ex.o(i.HAL_RCCEx_CRS_IRQHandler) refers to stm32l0xx_hal_rcc_ex.o(i.HAL_RCCEx_CRS_SyncWarnCallback) for HAL_RCCEx_CRS_SyncWarnCallback
    stm32l0xx_hal_rcc_ex.o(i.HAL_RCCEx_CRS_IRQHandler) refers to stm32l0xx_hal_rcc_ex.o(i.HAL_RCCEx_CRS_ExpectedSyncCallback) for HAL_RCCEx_CRS_ExpectedSyncCallback
    stm32l0xx_hal_rcc_ex.o(i.HAL_RCCEx_CRS_IRQHandler) refers to stm32l0xx_hal_rcc_ex.o(i.HAL_RCCEx_CRS_ErrorCallback) for HAL_RCCEx_CRS_ErrorCallback
    stm32l0xx_hal_rcc_ex.o(i.HAL_RCCEx_GetPeriphCLKFreq) refers to uidiv.o(.text) for __aeabi_uidivmod
    stm32l0xx_hal_rcc_ex.o(i.HAL_RCCEx_GetPeriphCLKFreq) refers to stm32l0xx_hal_rcc.o(i.HAL_RCC_GetPCLK2Freq) for HAL_RCC_GetPCLK2Freq
    stm32l0xx_hal_rcc_ex.o(i.HAL_RCCEx_GetPeriphCLKFreq) refers to stm32l0xx_hal_rcc.o(i.HAL_RCC_GetSysClockFreq) for HAL_RCC_GetSysClockFreq
    stm32l0xx_hal_rcc_ex.o(i.HAL_RCCEx_GetPeriphCLKFreq) refers to stm32l0xx_hal_rcc.o(i.HAL_RCC_GetPCLK1Freq) for HAL_RCC_GetPCLK1Freq
    stm32l0xx_hal_rcc_ex.o(i.HAL_RCCEx_GetPeriphCLKFreq) refers to system_stm32l0xx.o(.constdata) for PLLMulTable
    stm32l0xx_hal_rcc_ex.o(i.HAL_RCCEx_LSECSS_IRQHandler) refers to stm32l0xx_hal_rcc_ex.o(i.HAL_RCCEx_LSECSS_Callback) for HAL_RCCEx_LSECSS_Callback
    stm32l0xx_hal_rcc_ex.o(i.HAL_RCCEx_PeriphCLKConfig) refers to stm32l0xx_hal.o(i.HAL_GetTick) for HAL_GetTick
    stm32l0xx_hal.o(i.HAL_DeInit) refers to stm32l0xx_hal.o(i.HAL_MspDeInit) for HAL_MspDeInit
    stm32l0xx_hal.o(i.HAL_Delay) refers to stm32l0xx_hal.o(i.HAL_GetTick) for HAL_GetTick
    stm32l0xx_hal.o(i.HAL_GetTick) refers to stm32l0xx_hal.o(.data) for .data
    stm32l0xx_hal.o(i.HAL_IncTick) refers to stm32l0xx_hal.o(.data) for .data
    stm32l0xx_hal.o(i.HAL_Init) refers to stm32l0xx_hal.o(i.HAL_InitTick) for HAL_InitTick
    stm32l0xx_hal.o(i.HAL_Init) refers to stm32l0xx_hal_msp.o(i.HAL_MspInit) for HAL_MspInit
    stm32l0xx_hal.o(i.HAL_InitTick) refers to uidiv.o(.text) for __aeabi_uidivmod
    stm32l0xx_hal.o(i.HAL_InitTick) refers to stm32l0xx_hal_cortex.o(i.HAL_SYSTICK_Config) for HAL_SYSTICK_Config
    stm32l0xx_hal.o(i.HAL_InitTick) refers to stm32l0xx_hal_cortex.o(i.HAL_NVIC_SetPriority) for HAL_NVIC_SetPriority
    stm32l0xx_hal.o(i.HAL_InitTick) refers to system_stm32l0xx.o(.data) for SystemCoreClock
    stm32l0xx_hal_cortex.o(i.HAL_NVIC_SetPriority) refers to stm32l0xx_hal_cortex.o(i.NVIC_SetPriority) for NVIC_SetPriority
    stm32l0xx_hal_cortex.o(i.HAL_SYSTICK_Config) refers to stm32l0xx_hal_cortex.o(i.NVIC_SetPriority) for NVIC_SetPriority
    stm32l0xx_hal_cortex.o(i.HAL_SYSTICK_IRQHandler) refers to stm32l0xx_hal_cortex.o(i.HAL_SYSTICK_Callback) for HAL_SYSTICK_Callback
    stm32l0xx_hal_uart_ex.o(i.HAL_MultiProcessorEx_AddressLength_Set) refers to stm32l0xx_hal_uart.o(i.UART_CheckIdleState) for UART_CheckIdleState
    stm32l0xx_hal_uart_ex.o(i.HAL_RS485Ex_Init) refers to usart.o(i.HAL_UART_MspInit) for HAL_UART_MspInit
    stm32l0xx_hal_uart_ex.o(i.HAL_RS485Ex_Init) refers to stm32l0xx_hal_uart.o(i.UART_AdvFeatureConfig) for UART_AdvFeatureConfig
    stm32l0xx_hal_uart_ex.o(i.HAL_RS485Ex_Init) refers to stm32l0xx_hal_uart.o(i.UART_SetConfig) for UART_SetConfig
    stm32l0xx_hal_uart_ex.o(i.HAL_RS485Ex_Init) refers to stm32l0xx_hal_uart.o(i.UART_CheckIdleState) for UART_CheckIdleState
    stm32l0xx_hal_uart_ex.o(i.HAL_UARTEx_StopModeWakeUpSourceConfig) refers to stm32l0xx_hal.o(i.HAL_GetTick) for HAL_GetTick
    stm32l0xx_hal_uart_ex.o(i.HAL_UARTEx_StopModeWakeUpSourceConfig) refers to stm32l0xx_hal_uart.o(i.UART_WaitOnFlagUntilTimeout) for UART_WaitOnFlagUntilTimeout
    stm32l0xx_hal_tim.o(i.HAL_TIM_Base_DeInit) refers to tim.o(i.HAL_TIM_Base_MspDeInit) for HAL_TIM_Base_MspDeInit
    stm32l0xx_hal_tim.o(i.HAL_TIM_Base_Init) refers to tim.o(i.HAL_TIM_Base_MspInit) for HAL_TIM_Base_MspInit
    stm32l0xx_hal_tim.o(i.HAL_TIM_Base_Init) refers to stm32l0xx_hal_tim.o(i.TIM_Base_SetConfig) for TIM_Base_SetConfig
    stm32l0xx_hal_tim.o(i.HAL_TIM_Base_Start_DMA) refers to stm32l0xx_hal_dma.o(i.HAL_DMA_Start_IT) for HAL_DMA_Start_IT
    stm32l0xx_hal_tim.o(i.HAL_TIM_Base_Start_DMA) refers to stm32l0xx_hal_tim.o(i.TIM_DMAPeriodElapsedCplt) for TIM_DMAPeriodElapsedCplt
    stm32l0xx_hal_tim.o(i.HAL_TIM_Base_Start_DMA) refers to stm32l0xx_hal_tim.o(i.TIM_DMAError) for TIM_DMAError
    stm32l0xx_hal_tim.o(i.HAL_TIM_ConfigClockSource) refers to stm32l0xx_hal_tim.o(i.TIM_ETR_SetConfig) for TIM_ETR_SetConfig
[...]
    Removing stm32l0xx_hal.o(i.HAL_SYSCFG_Disable_Lock_VREFINT), (16 bytes).
    Removing stm32l0xx_hal.o(i.HAL_SYSCFG_Enable_Lock_VREFINT), (16 bytes).
    Removing stm32l0xx_hal.o(i.HAL_SYSCFG_GetBootMode), (16 bytes).
    Removing stm32l0xx_hal.o(i.HAL_SYSCFG_VREFINT_OutputSelect), (24 bytes).
    Removing stm32l0xx_hal.o(i.HAL_SuspendTick), (16 bytes).
    Removing stm32l0xx_hal_cortex.o(.rev16_text), (4 bytes).
    Removing stm32l0xx_hal_cortex.o(.revsh_text), (4 bytes).
    Removing stm32l0xx_hal_cortex.o(i.HAL_MPU_ConfigRegion), (80 bytes).
    Removing stm32l0xx_hal_cortex.o(i.HAL_NVIC_ClearPendingIRQ), (20 bytes).
    Removing stm32l0xx_hal_cortex.o(i.HAL_NVIC_DisableIRQ), (20 bytes).
    Removing stm32l0xx_hal_cortex.o(i.HAL_NVIC_GetPendingIRQ), (28 bytes).
    Removing stm32l0xx_hal_cortex.o(i.HAL_NVIC_GetPriority), (52 bytes).
    Removing stm32l0xx_hal_cortex.o(i.HAL_NVIC_SetPendingIRQ), (20 bytes).
    Removing stm32l0xx_hal_cortex.o(i.HAL_NVIC_SystemReset), (28 bytes).
    Removing stm32l0xx_hal_uart_ex.o(.rev16_text), (4 bytes).
    Removing stm32l0xx_hal_uart_ex.o(.revsh_text), (4 bytes).
    Removing stm32l0xx_hal_uart_ex.o(i.HAL_MultiProcessorEx_AddressLength_Set), (54 bytes).
    Removing stm32l0xx_hal_uart_ex.o(i.HAL_RS485Ex_Init), (144 bytes).
    Removing stm32l0xx_hal_uart_ex.o(i.HAL_UARTEx_DisableClockStopMode), (44 bytes).
    Removing stm32l0xx_hal_uart_ex.o(i.HAL_UARTEx_DisableStopMode), (42 bytes).
    Removing stm32l0xx_hal_uart_ex.o(i.HAL_UARTEx_EnableClockStopMode), (44 bytes).
    Removing stm32l0xx_hal_uart_ex.o(i.HAL_UARTEx_EnableStopMode), (42 bytes).
    Removing stm32l0xx_hal_uart_ex.o(i.HAL_UARTEx_StopModeWakeUpSourceConfig), (152 bytes).
    Removing stm32l0xx_hal_tim.o(.rev16_text), (4 bytes).
    Removing stm32l0xx_hal_tim.o(.revsh_text), (4 bytes).
    Removing stm32l0xx_hal_tim.o(i.HAL_TIM_Base_DeInit), (44 bytes).
    Removing stm32l0xx_hal_tim.o(i.HAL_TIM_Base_GetState), (6 bytes).
    Removing stm32l0xx_hal_tim.o(i.HAL_TIM_Base_MspDeInit), (2 bytes).
    Removing stm32l0xx_hal_tim.o(i.HAL_TIM_Base_MspInit), (2 bytes).
    Removing stm32l0xx_hal_tim.o(i.HAL_TIM_Base_Start_DMA), (100 bytes).
    Removing stm32l0xx_hal_tim.o(i.HAL_TIM_Base_Start_IT), (22 bytes).
    Removing stm32l0xx_hal_tim.o(i.HAL_TIM_Base_Stop_DMA), (44 bytes).
    Removing stm32l0xx_hal_tim.o(i.HAL_TIM_Base_Stop_IT), (36 bytes).
    Removing stm32l0xx_hal_tim.o(i.HAL_TIM_ConfigOCrefClear), (168 bytes).
    Removing stm32l0xx_hal_tim.o(i.HAL_TIM_ConfigTI1Input), (16 bytes).
    Removing stm32l0xx_hal_tim.o(i.HAL_TIM_DMABurst_ReadStart), (240 bytes).
    Removing stm32l0xx_hal_tim.o(i.HAL_TIM_DMABurst_ReadStop), (90 bytes).
    Removing stm32l0xx_hal_tim.o(i.HAL_TIM_DMABurst_WriteStart), (240 bytes).
    Removing stm32l0xx_hal_tim.o(i.HAL_TIM_DMABurst_WriteStop), (90 bytes).
    Removing stm32l0xx_hal_tim.o(i.HAL_TIM_Encoder_DeInit), (44 bytes).
    Removing stm32l0xx_hal_tim.o(i.HAL_TIM_Encoder_GetState), (6 bytes).
    Removing stm32l0xx_hal_tim.o(i.HAL_TIM_Encoder_Init), (152 bytes).
    Removing stm32l0xx_hal_tim.o(i.HAL_TIM_Encoder_MspDeInit), (2 bytes).
    Removing stm32l0xx_hal_tim.o(i.HAL_TIM_Encoder_MspInit), (2 bytes).
    Removing stm32l0xx_hal_tim.o(i.HAL_TIM_Encoder_Start), (52 bytes).
    Removing stm32l0xx_hal_tim.o(i.HAL_TIM_Encoder_Start_DMA), (284 bytes).
    Removing stm32l0xx_hal_tim.o(i.HAL_TIM_Encoder_Start_IT), (92 bytes).
    Removing stm32l0xx_hal_tim.o(i.HAL_TIM_Encoder_Stop), (64 bytes).
    Removing stm32l0xx_hal_tim.o(i.HAL_TIM_Encoder_Stop_DMA), (112 bytes).
    Removing stm32l0xx_hal_tim.o(i.HAL_TIM_Encoder_Stop_IT), (112 bytes).
    Removing stm32l0xx_hal_tim.o(i.HAL_TIM_ErrorCallback), (2 bytes).
    Removing stm32l0xx_hal_tim.o(i.HAL_TIM_GenerateEvent), (36 bytes).
    Removing stm32l0xx_hal_tim.o(i.HAL_TIM_IC_ConfigChannel), (288 bytes).
    Removing stm32l0xx_hal_tim.o(i.HAL_TIM_IC_DeInit), (44 bytes).
    Removing stm32l0xx_hal_tim.o(i.HAL_TIM_IC_GetState), (6 bytes).
    Removing stm32l0xx_hal_tim.o(i.HAL_TIM_IC_Init), (52 bytes).
    Removing stm32l0xx_hal_tim.o(i.HAL_TIM_IC_MspDeInit), (2 bytes).
    Removing stm32l0xx_hal_tim.o(i.HAL_TIM_IC_MspInit), (2 bytes).
    Removing stm32l0xx_hal_tim.o(i.HAL_TIM_IC_Start), (26 bytes).
    Removing stm32l0xx_hal_tim.o(i.HAL_TIM_IC_Start_DMA), (212 bytes).
    Removing stm32l0xx_hal_tim.o(i.HAL_TIM_IC_Start_IT), (72 bytes).
    Removing stm32l0xx_hal_tim.o(i.HAL_TIM_IC_Stop), (40 bytes).
    Removing stm32l0xx_hal_tim.o(i.HAL_TIM_IC_Stop_DMA), (100 bytes).
    Removing stm32l0xx_hal_tim.o(i.HAL_TIM_IC_Stop_IT), (84 bytes).
    Removing stm32l0xx_hal_tim.o(i.HAL_TIM_OC_ConfigChannel), (80 bytes).
    Removing stm32l0xx_hal_tim.o(i.HAL_TIM_OC_DeInit), (44 bytes).
    Removing stm32l0xx_hal_tim.o(i.HAL_TIM_OC_GetState), (6 bytes).
    Removing stm32l0xx_hal_tim.o(i.HAL_TIM_OC_Init), (52 bytes).
    Removing stm32l0xx_hal_tim.o(i.HAL_TIM_OC_MspDeInit), (2 bytes).
    Removing stm32l0xx_hal_tim.o(i.HAL_TIM_OC_MspInit), (2 bytes).
    Removing stm32l0xx_hal_tim.o(i.HAL_TIM_OC_Start), (26 bytes).
    Removing stm32l0xx_hal_tim.o(i.HAL_TIM_OC_Start_DMA), (220 bytes).
    Removing stm32l0xx_hal_tim.o(i.HAL_TIM_OC_Start_IT), (72 bytes).
    Removing stm32l0xx_hal_tim.o(i.HAL_TIM_OC_Stop), (40 bytes).
    Removing stm32l0xx_hal_tim.o(i.HAL_TIM_OC_Stop_DMA), (100 bytes).
    Removing stm32l0xx_hal_tim.o(i.HAL_TIM_OC_Stop_IT), (84 bytes).
    Removing stm32l0xx_hal_tim.o(i.HAL_TIM_OnePulse_ConfigChannel), (202 bytes).
    Removing stm32l0xx_hal_tim.o(i.HAL_TIM_OnePulse_DeInit), (44 bytes).
    Removing stm32l0xx_hal_tim.o(i.HAL_TIM_OnePulse_GetState), (6 bytes).
    Removing stm32l0xx_hal_tim.o(i.HAL_TIM_OnePulse_Init), (72 bytes).
    Removing stm32l0xx_hal_tim.o(i.HAL_TIM_OnePulse_MspDeInit), (2 bytes).
    Removing stm32l0xx_hal_tim.o(i.HAL_TIM_OnePulse_MspInit), (2 bytes).
    Removing stm32l0xx_hal_tim.o(i.HAL_TIM_OnePulse_Start), (28 bytes).
    Removing stm32l0xx_hal_tim.o(i.HAL_TIM_OnePulse_Start_IT), (48 bytes).
    Removing stm32l0xx_hal_tim.o(i.HAL_TIM_OnePulse_Stop), (52 bytes).
    Removing stm32l0xx_hal_tim.o(i.HAL_TIM_OnePulse_Stop_IT), (72 bytes).
    Removing stm32l0xx_hal_tim.o(i.HAL_TIM_PWM_GetState), (6 bytes).
    Removing stm32l0xx_hal_tim.o(i.HAL_TIM_PWM_MspInit), (2 bytes).
    Removing stm32l0xx_hal_tim.o(i.HAL_TIM_PWM_Start_DMA), (220 bytes).
    Removing stm32l0xx_hal_tim.o(i.HAL_TIM_PWM_Start_IT), (72 bytes).
    Removing stm32l0xx_hal_tim.o(i.HAL_TIM_PWM_Stop), (44 bytes).
    Removing stm32l0xx_hal_tim.o(i.HAL_TIM_PWM_Stop_DMA), (100 bytes).
    Removing stm32l0xx_hal_tim.o(i.HAL_TIM_PWM_Stop_IT), (84 bytes).
    Removing stm32l0xx_hal_tim.o(i.HAL_TIM_ReadCapturedValue), (70 bytes).
    Removing stm32l0xx_hal_tim.o(i.HAL_TIM_SlaveConfigSynchronization), (60 bytes).
    Removing stm32l0xx_hal_tim.o(i.HAL_TIM_SlaveConfigSynchronization_IT), (60 bytes).
    Removing stm32l0xx_hal_tim.o(i.TIM_DMACaptureCplt), (62 bytes).
    Removing stm32l0xx_hal_tim.o(i.TIM_DMADelayPulseCplt), (62 bytes).
    Removing stm32l0xx_hal_tim.o(i.TIM_DMAError), (16 bytes).
    Removing stm32l0xx_hal_tim.o(i.TIM_DMAPeriodElapsedCplt), (16 bytes).
    Removing stm32l0xx_hal_tim.o(i.TIM_DMATriggerCplt), (16 bytes).
    Removing stm32l0xx_hal_tim.o(i.TIM_SlaveTimer_SetConfig), (122 bytes).
    Removing stm32l0xx_hal_tim.o(i.TIM_TI1_SetConfig), (80 bytes).
    Removing stm32l0xx_hal_tim.o(i.TIM_TI2_SetConfig), (52 bytes).
    Removing stm32l0xx_hal_rcc.o(.rev16_text), (4 bytes).
    Removing stm32l0xx_hal_rcc.o(.revsh_text), (4 bytes).
    Removing stm32l0xx_hal_rcc.o(i.HAL_RCC_CSSCallback), (2 bytes).
    Removing stm32l0xx_hal_rcc.o(i.HAL_RCC_DeInit), (108 bytes).
    Removing stm32l0xx_hal_rcc.o(i.HAL_RCC_EnableCSS), (20 bytes).
    Removing stm32l0xx_hal_rcc.o(i.HAL_RCC_GetClockConfig), (64 bytes).
    Removing stm32l0xx_hal_rcc.o(i.HAL_RCC_GetOscConfig), (192 bytes).
    Removing stm32l0xx_hal_rcc.o(i.HAL_RCC_MCOConfig), (96 bytes).
    Removing stm32l0xx_hal_rcc.o(i.HAL_RCC_NMI_IRQHandler), (24 bytes).
    Removing stm32l0xx_hal_flash_ramfunc.o(.rev16_text), (4 bytes).
    Removing stm32l0xx_hal_flash_ramfunc.o(.revsh_text), (4 bytes).
    Removing stm32l0xx_hal_flash_ramfunc.o(i.FLASHRAM_SetErrorCode), (144 bytes).
    Removing stm32l0xx_hal_flash_ramfunc.o(i.FLASHRAM_WaitForLastOperation), (96 bytes).
    Removing stm32l0xx_hal_flash_ramfunc.o(i.HAL_FLASHEx_DisableRunPowerDown), (36 bytes).
    Removing stm32l0xx_hal_flash_ramfunc.o(i.HAL_FLASHEx_EnableRunPowerDown), (36 bytes).
    Removing stm32l0xx_hal_flash_ramfunc.o(i.HAL_FLASHEx_GetError), (16 bytes).
    Removing stm32l0xx_hal_flash_ramfunc.o(i.HAL_FLASHEx_HalfPageProgram), (84 bytes).
    Removing stm32l0xx_hal_pwr.o(.rev16_text), (4 bytes).
    Removing stm32l0xx_hal_pwr.o(.revsh_text), (4 bytes).
    Removing stm32l0xx_hal_pwr.o(i.HAL_PWR_ConfigPVD), (104 bytes).
    Removing stm32l0xx_hal_pwr.o(i.HAL_PWR_DeInit), (24 bytes).
    Removing stm32l0xx_hal_pwr.o(i.HAL_PWR_DisableBkUpAccess), (16 bytes).
    Removing stm32l0xx_hal_pwr.o(i.HAL_PWR_DisablePVD), (16 bytes).
    Removing stm32l0xx_hal_pwr.o(i.HAL_PWR_DisableSEVOnPend), (16 bytes).
    Removing stm32l0xx_hal_pwr.o(i.HAL_PWR_DisableSleepOnExit), (16 bytes).
    Removing stm32l0xx_hal_pwr.o(i.HAL_PWR_DisableWakeUpPin), (16 bytes).
    Removing stm32l0xx_hal_pwr.o(i.HAL_PWR_EnableBkUpAccess), (16 bytes).
    Removing stm32l0xx_hal_pwr.o(i.HAL_PWR_EnablePVD), (16 bytes).
    Removing stm32l0xx_hal_pwr.o(i.HAL_PWR_EnableSEVOnPend), (16 bytes).
    Removing stm32l0xx_hal_pwr.o(i.HAL_PWR_EnableSleepOnExit), (16 bytes).
    Removing stm32l0xx_hal_pwr.o(i.HAL_PWR_EnableWakeUpPin), (16 bytes).
    Removing stm32l0xx_hal_pwr.o(i.HAL_PWR_EnterSLEEPMode), (48 bytes).
    Removing stm32l0xx_hal_pwr.o(i.HAL_PWR_EnterSTANDBYMode), (32 bytes).
    Removing stm32l0xx_hal_pwr.o(i.HAL_PWR_EnterSTOPMode), (52 bytes).
    Removing stm32l0xx_hal_pwr.o(i.HAL_PWR_PVDCallback), (2 bytes).
    Removing stm32l0xx_hal_pwr.o(i.HAL_PWR_PVD_IRQHandler), (28 bytes).
    Removing stm32l0xx_hal_flash.o(.rev16_text), (4 bytes).
    Removing stm32l0xx_hal_flash.o(.revsh_text), (4 bytes).
    Removing stm32l0xx_hal_flash.o(i.FLASH_SetErrorCode), (144 bytes).
    Removing stm32l0xx_hal_flash.o(i.FLASH_WaitForLastOperation), (112 bytes).
    Removing stm32l0xx_hal_flash.o(i.HAL_FLASH_EndOfOperationCallback), (2 bytes).
    Removing stm32l0xx_hal_flash.o(i.HAL_FLASH_GetError), (12 bytes).
    Removing stm32l0xx_hal_flash.o(i.HAL_FLASH_IRQHandler), (220 bytes).
    Removing stm32l0xx_hal_flash.o(i.HAL_FLASH_Lock), (20 bytes).
    Removing stm32l0xx_hal_flash.o(i.HAL_FLASH_OB_Launch), (32 bytes).
    Removing stm32l0xx_hal_flash.o(i.HAL_FLASH_OB_Lock), (20 bytes).
    Removing stm32l0xx_hal_flash.o(i.HAL_FLASH_OB_Unlock), (60 bytes).
    Removing stm32l0xx_hal_flash.o(i.HAL_FLASH_OperationErrorCallback), (2 bytes).
    Removing stm32l0xx_hal_flash.o(i.HAL_FLASH_Program), (60 bytes).
    Removing stm32l0xx_hal_flash.o(i.HAL_FLASH_Program_IT), (60 bytes).
    Removing stm32l0xx_hal_flash.o(i.HAL_FLASH_Unlock), (60 bytes).
    Removing stm32l0xx_hal_flash.o(.bss), (24 bytes).
    Removing stm32l0xx_hal_uart.o(.rev16_text), (4 bytes).
    Removing stm32l0xx_hal_uart.o(.revsh_text), (4 bytes).
    Removing stm32l0xx_hal_uart.o(i.HAL_HalfDuplex_EnableReceiver), (54 bytes).
    Removing stm32l0xx_hal_uart.o(i.HAL_HalfDuplex_EnableTransmitter), (54 bytes).
    Removing stm32l0xx_hal_uart.o(i.HAL_HalfDuplex_Init), (118 bytes).
    Removing stm32l0xx_hal_uart.o(i.HAL_LIN_Init), (146 bytes).
    Removing stm32l0xx_hal_uart.o(i.HAL_LIN_SendBreak), (42 bytes).
    Removing stm32l0xx_hal_uart.o(i.HAL_MultiProcessor_DisableMuteMode), (46 bytes).
    Removing stm32l0xx_hal_uart.o(i.HAL_MultiProcessor_EnableMuteMode), (46 bytes).
    Removing stm32l0xx_hal_uart.o(i.HAL_MultiProcessor_EnterMuteMode), (12 bytes).
    Removing stm32l0xx_hal_uart.o(i.HAL_MultiProcessor_Init), (144 bytes).
    Removing stm32l0xx_hal_uart.o(i.HAL_UART_Abort), (120 bytes).
    Removing stm32l0xx_hal_uart.o(i.HAL_UART_AbortCpltCallback), (2 bytes).
    Removing stm32l0xx_hal_uart.o(i.HAL_UART_AbortReceive), (80 bytes).
    Removing stm32l0xx_hal_uart.o(i.HAL_UART_AbortReceiveCpltCallback), (2 bytes).
    Removing stm32l0xx_hal_uart.o(i.HAL_UART_AbortReceive_IT), (116 bytes).
    Removing stm32l0xx_hal_uart.o(i.HAL_UART_AbortTransmit), (62 bytes).
    Removing stm32l0xx_hal_uart.o(i.HAL_UART_AbortTransmitCpltCallback), (2 bytes).
    Removing stm32l0xx_hal_uart.o(i.HAL_UART_AbortTransmit_IT), (92 bytes).
    Removing stm32l0xx_hal_uart.o(i.HAL_UART_Abort_IT), (196 bytes).
    Removing stm32l0xx_hal_uart.o(i.HAL_UART_DMAPause), (94 bytes).
    Removing stm32l0xx_hal_uart.o(i.HAL_UART_DMAResume), (86 bytes).
    Removing stm32l0xx_hal_uart.o(i.HAL_UART_DMAStop), (88 bytes).
    Removing stm32l0xx_hal_uart.o(i.HAL_UART_DeInit), (62 bytes).
    Removing stm32l0xx_hal_uart.o(i.HAL_UART_GetError), (4 bytes).
    Removing stm32l0xx_hal_uart.o(i.HAL_UART_GetState), (12 bytes).
    Removing stm32l0xx_hal_uart.o(i.HAL_UART_MspDeInit), (2 bytes).
    Removing stm32l0xx_hal_uart.o(i.HAL_UART_MspInit), (2 bytes).
    Removing stm32l0xx_hal_uart.o(i.HAL_UART_Receive), (256 bytes).
    Removing stm32l0xx_hal_uart.o(i.HAL_UART_Receive_DMA), (164 bytes).
    Removing stm32l0xx_hal_uart.o(i.HAL_UART_Receive_IT), (160 bytes).
    Removing stm32l0xx_hal_uart.o(i.HAL_UART_RxHalfCpltCallback), (2 bytes).
    Removing stm32l0xx_hal_uart.o(i.HAL_UART_Transmit), (200 bytes).
    Removing stm32l0xx_hal_uart.o(i.HAL_UART_Transmit_DMA), (152 bytes).
    Removing stm32l0xx_hal_uart.o(i.HAL_UART_Transmit_IT), (88 bytes).
    Removing stm32l0xx_hal_uart.o(i.HAL_UART_TxHalfCpltCallback), (2 bytes).
    Removing stm32l0xx_hal_uart.o(i.UART_DMAError), (74 bytes).
    Removing stm32l0xx_hal_uart.o(i.UART_DMAReceiveCplt), (64 bytes).
    Removing stm32l0xx_hal_uart.o(i.UART_DMARxAbortCallback), (54 bytes).
    Removing stm32l0xx_hal_uart.o(i.UART_DMARxHalfCplt), (10 bytes).
    Removing stm32l0xx_hal_uart.o(i.UART_DMARxOnlyAbortCallback), (28 bytes).
    Removing stm32l0xx_hal_uart.o(i.UART_DMATransmitCplt), (48 bytes).
    Removing stm32l0xx_hal_uart.o(i.UART_DMATxAbortCallback), (54 bytes).
    Removing stm32l0xx_hal_uart.o(i.UART_DMATxHalfCplt), (10 bytes).
    Removing stm32l0xx_hal_uart.o(i.UART_DMATxOnlyAbortCallback), (22 bytes).
    Removing stm32l0xx_hal_uart.o(i.UART_EndTxTransfer), (18 bytes).
    Removing stm32l0xx_hal_i2c.o(.rev16_text), (4 bytes).
    Removing stm32l0xx_hal_i2c.o(.revsh_text), (4 bytes).
    Removing stm32l0xx_hal_i2c.o(i.HAL_I2C_AbortCpltCallback), (2 bytes).
    Removing stm32l0xx_hal_i2c.o(i.HAL_I2C_AddrCallback), (2 bytes).
    Removing stm32l0xx_hal_i2c.o(i.HAL_I2C_DeInit), (52 bytes).
    Removing stm32l0xx_hal_i2c.o(i.HAL_I2C_DisableListen_IT), (48 bytes).
    Removing stm32l0xx_hal_i2c.o(i.HAL_I2C_ER_IRQHandler), (88 bytes).
    Removing stm32l0xx_hal_i2c.o(i.HAL_I2C_EV_IRQHandler), (16 bytes).
    Removing stm32l0xx_hal_i2c.o(i.HAL_I2C_EnableListen_IT), (40 bytes).
    Removing stm32l0xx_hal_i2c.o(i.HAL_I2C_ErrorCallback), (2 bytes).
    Removing stm32l0xx_hal_i2c.o(i.HAL_I2C_GetError), (4 bytes).
    Removing stm32l0xx_hal_i2c.o(i.HAL_I2C_GetMode), (6 bytes).
    Removing stm32l0xx_hal_i2c.o(i.HAL_I2C_GetState), (6 bytes).
    Removing stm32l0xx_hal_i2c.o(i.HAL_I2C_Init), (180 bytes).
    Removing stm32l0xx_hal_i2c.o(i.HAL_I2C_IsDeviceReady), (284 bytes).
    Removing stm32l0xx_hal_i2c.o(i.HAL_I2C_ListenCpltCallback), (2 bytes).
    Removing stm32l0xx_hal_i2c.o(i.HAL_I2C_MasterRxCpltCallback), (2 bytes).
    Removing stm32l0xx_hal_i2c.o(i.HAL_I2C_MasterTxCpltCallback), (2 bytes).
    Removing stm32l0xx_hal_i2c.o(i.HAL_I2C_Master_Abort_IT), (88 bytes).
    Removing stm32l0xx_hal_i2c.o(i.HAL_I2C_Master_Receive), (280 bytes).
    Removing stm32l0xx_hal_i2c.o(i.HAL_I2C_Master_Receive_DMA), (236 bytes).
    Removing stm32l0xx_hal_i2c.o(i.HAL_I2C_Master_Receive_IT), (124 bytes).
    Removing stm32l0xx_hal_i2c.o(i.HAL_I2C_Master_Sequential_Receive_IT), (116 bytes).
    Removing stm32l0xx_hal_i2c.o(i.HAL_I2C_Master_Sequential_Transmit_IT), (116 bytes).
    Removing stm32l0xx_hal_i2c.o(i.HAL_I2C_Master_Transmit), (280 bytes).
    Removing stm32l0xx_hal_i2c.o(i.HAL_I2C_Master_Transmit_DMA), (240 bytes).
    Removing stm32l0xx_hal_i2c.o(i.HAL_I2C_Master_Transmit_IT), (124 bytes).
    Removing stm32l0xx_hal_i2c.o(i.HAL_I2C_MemRxCpltCallback), (2 bytes).
    Removing stm32l0xx_hal_i2c.o(i.HAL_I2C_MemTxCpltCallback), (2 bytes).
    Removing stm32l0xx_hal_i2c.o(i.HAL_I2C_Mem_Read), (344 bytes).
    Removing stm32l0xx_hal_i2c.o(i.HAL_I2C_Mem_Read_DMA), (248 bytes).
    Removing stm32l0xx_hal_i2c.o(i.HAL_I2C_Mem_Read_IT), (188 bytes).
    Removing stm32l0xx_hal_i2c.o(i.HAL_I2C_Mem_Write), (340 bytes).
    Removing stm32l0xx_hal_i2c.o(i.HAL_I2C_Mem_Write_DMA), (244 bytes).
    Removing stm32l0xx_hal_i2c.o(i.HAL_I2C_Mem_Write_IT), (184 bytes).
    Removing stm32l0xx_hal_i2c.o(i.HAL_I2C_MspDeInit), (2 bytes).
    Removing stm32l0xx_hal_i2c.o(i.HAL_I2C_MspInit), (2 bytes).
    Removing stm32l0xx_hal_i2c.o(i.HAL_I2C_SlaveRxCpltCallback), (2 bytes).
    Removing stm32l0xx_hal_i2c.o(i.HAL_I2C_SlaveTxCpltCallback), (2 bytes).
    Removing stm32l0xx_hal_i2c.o(i.HAL_I2C_Slave_Receive), (292 bytes).
    Removing stm32l0xx_hal_i2c.o(i.HAL_I2C_Slave_Receive_DMA), (156 bytes).
    Removing stm32l0xx_hal_i2c.o(i.HAL_I2C_Slave_Receive_IT), (88 bytes).
    Removing stm32l0xx_hal_i2c.o(i.HAL_I2C_Slave_Sequential_Receive_IT), (144 bytes).
    Removing stm32l0xx_hal_i2c.o(i.HAL_I2C_Slave_Sequential_Transmit_IT), (144 bytes).
    Removing stm32l0xx_hal_i2c.o(i.HAL_I2C_Slave_Transmit), (300 bytes).
    Removing stm32l0xx_hal_i2c.o(i.HAL_I2C_Slave_Transmit_DMA), (156 bytes).
    Removing stm32l0xx_hal_i2c.o(i.HAL_I2C_Slave_Transmit_IT), (88 bytes).
    Removing stm32l0xx_hal_i2c.o(i.I2C_DMAAbort), (52 bytes).
    Removing stm32l0xx_hal_i2c.o(i.I2C_DMAError), (24 bytes).
    Removing stm32l0xx_hal_i2c.o(i.I2C_DMAMasterReceiveCplt), (68 bytes).
    Removing stm32l0xx_hal_i2c.o(i.I2C_DMAMasterTransmitCplt), (68 bytes).
    Removing stm32l0xx_hal_i2c.o(i.I2C_DMASlaveReceiveCplt), (2 bytes).
    Removing stm32l0xx_hal_i2c.o(i.I2C_DMASlaveTransmitCplt), (2 bytes).
    Removing stm32l0xx_hal_i2c.o(i.I2C_Disable_IRQ), (86 bytes).
    Removing stm32l0xx_hal_i2c.o(i.I2C_Enable_IRQ), (100 bytes).
    Removing stm32l0xx_hal_i2c.o(i.I2C_Flush_TXDR), (34 bytes).
    Removing stm32l0xx_hal_i2c.o(i.I2C_ITAddrCplt), (122 bytes).
    Removing stm32l0xx_hal_i2c.o(i.I2C_ITError), (204 bytes).
    Removing stm32l0xx_hal_i2c.o(i.I2C_ITListenCplt), (96 bytes).
    Removing stm32l0xx_hal_i2c.o(i.I2C_ITMasterCplt), (160 bytes).
    Removing stm32l0xx_hal_i2c.o(i.I2C_ITMasterSequentialCplt), (70 bytes).
    Removing stm32l0xx_hal_i2c.o(i.I2C_ITSlaveCplt), (232 bytes).
    Removing stm32l0xx_hal_i2c.o(i.I2C_ITSlaveSequentialCplt), (74 bytes).
    Removing stm32l0xx_hal_i2c.o(i.I2C_IsAcknowledgeFailed), (116 bytes).
    Removing stm32l0xx_hal_i2c.o(i.I2C_Master_ISR_DMA), (194 bytes).
    Removing stm32l0xx_hal_i2c.o(i.I2C_Master_ISR_IT), (296 bytes).
    Removing stm32l0xx_hal_i2c.o(i.I2C_RequestMemoryRead), (106 bytes).
    Removing stm32l0xx_hal_i2c.o(i.I2C_RequestMemoryWrite), (106 bytes).
    Removing stm32l0xx_hal_i2c.o(i.I2C_Slave_ISR_DMA), (104 bytes).
    Removing stm32l0xx_hal_i2c.o(i.I2C_Slave_ISR_IT), (280 bytes).
    Removing stm32l0xx_hal_i2c.o(i.I2C_TransferConfig), (36 bytes).
    Removing stm32l0xx_hal_i2c.o(i.I2C_WaitOnFlagUntilTimeout), (72 bytes).
    Removing stm32l0xx_hal_i2c.o(i.I2C_WaitOnRXNEFlagUntilTimeout), (120 bytes).
    Removing stm32l0xx_hal_i2c.o(i.I2C_WaitOnSTOPFlagUntilTimeout), (78 bytes).
    Removing stm32l0xx_hal_i2c.o(i.I2C_WaitOnTXISFlagUntilTimeout), (82 bytes).
    Removing stm32l0xx_hal_flash_ex.o(.rev16_text), (4 bytes).
    Removing stm32l0xx_hal_flash_ex.o(.revsh_text), (4 bytes).
    Removing stm32l0xx_hal_flash_ex.o(i.FLASH_OB_ProtectedSectorsConfig), (80 bytes).
    Removing stm32l0xx_hal_flash_ex.o(i.FLASH_PageErase), (44 bytes).
    Removing stm32l0xx_hal_flash_ex.o(i.HAL_FLASHEx_AdvOBGetConfig), (24 bytes).
    Removing stm32l0xx_hal_flash_ex.o(i.HAL_FLASHEx_AdvOBProgram), (24 bytes).
    Removing stm32l0xx_hal_flash_ex.o(i.HAL_FLASHEx_DATAEEPROM_DisableFixedTimeProgram), (16 bytes).
    Removing stm32l0xx_hal_flash_ex.o(i.HAL_FLASHEx_DATAEEPROM_EnableFixedTimeProgram), (16 bytes).
    Removing stm32l0xx_hal_flash_ex.o(i.HAL_FLASHEx_DATAEEPROM_Erase), (40 bytes).
    Removing stm32l0xx_hal_flash_ex.o(i.HAL_FLASHEx_DATAEEPROM_Lock), (20 bytes).
    Removing stm32l0xx_hal_flash_ex.o(i.HAL_FLASHEx_DATAEEPROM_Program), (84 bytes).
    Removing stm32l0xx_hal_flash_ex.o(i.HAL_FLASHEx_DATAEEPROM_Unlock), (36 bytes).
    Removing stm32l0xx_hal_flash_ex.o(i.HAL_FLASHEx_Erase), (120 bytes).
    Removing stm32l0xx_hal_flash_ex.o(i.HAL_FLASHEx_Erase_IT), (92 bytes).
    Removing stm32l0xx_hal_flash_ex.o(i.HAL_FLASHEx_OBGetConfig), (44 bytes).
    Removing stm32l0xx_hal_flash_ex.o(i.HAL_FLASHEx_OBProgram), (292 bytes).
    Removing stm32l0xx_hal_flash_ex.o(i.HAL_FLASHEx_OB_DeSelectPCROP), (52 bytes).
    Removing stm32l0xx_hal_flash_ex.o(i.HAL_FLASHEx_OB_SelectPCROP), (56 bytes).
    Removing stm32l0xx_hal_tim_ex.o(.rev16_text), (4 bytes).
    Removing stm32l0xx_hal_tim_ex.o(.revsh_text), (4 bytes).
    Removing stm32l0xx_hal_tim_ex.o(i.HAL_TIMEx_RemapConfig), (30 bytes).
    Removing stm32l0xx_hal_i2c_ex.o(.rev16_text), (4 bytes).
    Removing stm32l0xx_hal_i2c_ex.o(.revsh_text), (4 bytes).
    Removing stm32l0xx_hal_i2c_ex.o(i.HAL_I2CEx_ConfigAnalogFilter), (74 bytes).
    Removing stm32l0xx_hal_i2c_ex.o(i.HAL_I2CEx_ConfigDigitalFilter), (72 bytes).
    Removing stm32l0xx_hal_i2c_ex.o(i.HAL_I2CEx_DisableFastModePlus), (28 bytes).
    Removing stm32l0xx_hal_i2c_ex.o(i.HAL_I2CEx_DisableWakeUp), (66 bytes).
    Removing stm32l0xx_hal_i2c_ex.o(i.HAL_I2CEx_EnableFastModePlus), (28 bytes).
    Removing stm32l0xx_hal_i2c_ex.o(i.HAL_I2CEx_EnableWakeUp), (66 bytes).
    Removing stm32l0xx_hal_gpio.o(.rev16_text), (4 bytes).
    Removing stm32l0xx_hal_gpio.o(.revsh_text), (4 bytes).
    Removing stm32l0xx_hal_gpio.o(i.HAL_GPIO_DeInit), (228 bytes).
    Removing stm32l0xx_hal_gpio.o(i.HAL_GPIO_LockPin), (36 bytes).
    Removing stm32l0xx_hal_gpio.o(i.HAL_GPIO_ReadPin), (10 bytes).
    Removing stm32l0xx_hal_gpio.o(i.HAL_GPIO_TogglePin), (8 bytes).
    Removing stm32l0xx_hal_dma.o(.rev16_text), (4 bytes).
    Removing stm32l0xx_hal_dma.o(.revsh_text), (4 bytes).
    Removing stm32l0xx_hal_dma.o(i.HAL_DMA_Abort), (76 bytes).
    Removing stm32l0xx_hal_dma.o(i.HAL_DMA_DeInit), (468 bytes).
    Removing stm32l0xx_hal_dma.o(i.HAL_DMA_GetError), (4 bytes).
    Removing stm32l0xx_hal_dma.o(i.HAL_DMA_GetState), (6 bytes).
    Removing stm32l0xx_hal_dma.o(i.HAL_DMA_PollForTransfer), (616 bytes).
    Removing stm32l0xx_hal_dma.o(i.HAL_DMA_Start), (50 bytes).
    Removing stm32l0xx_hal_pwr_ex.o(.rev16_text), (4 bytes).
    Removing stm32l0xx_hal_pwr_ex.o(.revsh_text), (4 bytes).
    Removing stm32l0xx_hal_pwr_ex.o(i.HAL_PWREx_DisableFastWakeUp), (16 bytes).
    Removing stm32l0xx_hal_pwr_ex.o(i.HAL_PWREx_DisableLowPowerRunMode), (76 bytes).
    Removing stm32l0xx_hal_pwr_ex.o(i.HAL_PWREx_DisableUltraLowPower), (16 bytes).
    Removing stm32l0xx_hal_pwr_ex.o(i.HAL_PWREx_EnableFastWakeUp), (16 bytes).
    Removing stm32l0xx_hal_pwr_ex.o(i.HAL_PWREx_EnableLowPowerRunMode), (24 bytes).
    Removing stm32l0xx_hal_pwr_ex.o(i.HAL_PWREx_EnableUltraLowPower), (16 bytes).
    Removing stm32l0xx_hal_pwr_ex.o(i.HAL_PWREx_GetVoltageRange), (16 bytes).
    Removing stm32l0xx_hal_dac.o(.rev16_text), (4 bytes).
    Removing stm32l0xx_hal_dac.o(.revsh_text), (4 bytes).
    Removing stm32l0xx_hal_dac.o(i.HAL_DAC_DMAUnderrunCallbackCh1), (2 bytes).
    Removing stm32l0xx_hal_dac.o(i.HAL_DAC_DeInit), (30 bytes).
    Removing stm32l0xx_hal_dac.o(i.HAL_DAC_GetError), (4 bytes).
    Removing stm32l0xx_hal_dac.o(i.HAL_DAC_GetState), (4 bytes).
    Removing stm32l0xx_hal_dac.o(i.HAL_DAC_GetValue), (4 bytes).
    Removing stm32l0xx_hal_dac.o(i.HAL_DAC_IRQHandler), (2 bytes).
    Removing stm32l0xx_hal_dac.o(i.HAL_DAC_MspDeInit), (2 bytes).
    Removing stm32l0xx_hal_dac.o(i.HAL_DAC_MspInit), (2 bytes).
    Removing stm32l0xx_hal_dac.o(i.HAL_DAC_SetValue), (4 bytes).
    Removing stm32l0xx_hal_dac.o(i.HAL_DAC_Start), (4 bytes).
    Removing stm32l0xx_hal_dac.o(i.HAL_DAC_Start_DMA), (4 bytes).
    Removing stm32l0xx_hal_dac.o(i.HAL_DAC_Stop_DMA), (4 bytes).
    Removing stm32l0xx_hal_dac_ex.o(.rev16_text), (4 bytes).
    Removing stm32l0xx_hal_dac_ex.o(.revsh_text), (4 bytes).
    Removing stm32l0xx_hal_dac_ex.o(i.HAL_DACEx_NoiseWaveGenerate), (52 bytes).
    Removing stm32l0xx_hal_dac_ex.o(i.HAL_DACEx_TriangleWaveGenerate), (52 bytes).
    Removing stm32l0xx_hal_dac_ex.o(i.HAL_DAC_GetValue), (6 bytes).
    Removing stm32l0xx_hal_dac_ex.o(i.HAL_DAC_IRQHandler), (42 bytes).
    Removing stm32l0xx_hal_dac_ex.o(i.HAL_DAC_SetValue), (16 bytes).
    Removing stm32l0xx_hal_dac_ex.o(i.HAL_DAC_Stop_DMA), (52 bytes).
    Removing system_stm32l0xx.o(.rev16_text), (4 bytes).
    Removing system_stm32l0xx.o(.revsh_text), (4 bytes).
    Removing system_stm32l0xx.o(i.SystemCoreClockUpdate), (136 bytes).
    Removing stm32l0xx_it.o(.rev16_text), (4 bytes).
    Removing stm32l0xx_it.o(.revsh_text), (4 bytes).
    Removing main.o(.rev16_text), (4 bytes).
    Removing main.o(.revsh_text), (4 bytes).
    Removing main.o(i.buttonPress), (8 bytes).
    Removing main.o(i.pwmSetvalue), (40 bytes).
    Removing gpio.o(.rev16_text), (4 bytes).
    Removing gpio.o(.revsh_text), (4 bytes).
    Removing gpio.o(i.toggleGreen), (16 bytes).
    Removing usart.o(.rev16_text), (4 bytes).
    Removing usart.o(.revsh_text), (4 bytes).
    Removing usart.o(i.HAL_UART_MspDeInit), (52 bytes).
    Removing stm32l0xx_hal_msp.o(.rev16_text), (4 bytes).
    Removing stm32l0xx_hal_msp.o(.revsh_text), (4 bytes).
    Removing tim.o(.rev16_text), (4 bytes).
    Removing tim.o(.revsh_text), (4 bytes).
    Removing tim.o(i.HAL_TIM_Base_MspDeInit), (76 bytes).
    Removing dma.o(.rev16_text), (4 bytes).
    Removing dma.o(.revsh_text), (4 bytes).
    Removing dac.o(.rev16_text), (4 bytes).
    Removing dac.o(.revsh_text), (4 bytes).
    Removing dac.o(i.HAL_DAC_MspDeInit), (48 bytes).
    Removing startup_stm32l053xx.o(HEAP), (512 bytes).

414 unused section(s) (total 25156 bytes) removed from the image.

==============================================================================

Image Symbol Table

    Local Symbols

    Symbol Name                              Value     Ov Type        Size  Object(Section)

    ../Drivers/STM32L0xx_HAL_Driver/Src/stm32l0xx_hal.c 0x00000000   Number         0  stm32l0xx_hal.o ABSOLUTE
    ../Drivers/STM32L0xx_HAL_Driver/Src/stm32l0xx_hal_cortex.c 0x00000000   Number         0  stm32l0xx_hal_cortex.o ABSOLUTE
    ../Drivers/STM32L0xx_HAL_Driver/Src/stm32l0xx_hal_dac.c 0x00000000   Number         0  stm32l0xx_hal_dac.o ABSOLUTE
    ../Drivers/STM32L0xx_HAL_Driver/Src/stm32l0xx_hal_dac_ex.c 0x00000000   Number         0  stm32l0xx_hal_dac_ex.o ABSOLUTE
    ../Drivers/STM32L0xx_HAL_Driver/Src/stm32l0xx_hal_dma.c 0x00000000   Number         0  stm32l0xx_hal_dma.o ABSOLUTE
    ../Drivers/STM32L0xx_HAL_Driver/Src/stm32l0xx_hal_flash.c 0x00000000   Number         0  stm32l0xx_hal_flash.o ABSOLUTE
    ../Drivers/STM32L0xx_HAL_Driver/Src/stm32l0xx_hal_flash_ex.c 0x00000000   Number         0  stm32l0xx_hal_flash_ex.o ABSOLUTE
    ../Drivers/STM32L0xx_HAL_Driver/Src/stm32l0xx_hal_flash_ramfunc.c 0x00000000   Number         0  stm32l0xx_hal_flash_ramfunc.o ABSOLUTE
    ../Drivers/STM32L0xx_HAL_Driver/Src/stm32l0xx_hal_gpio.c 0x00000000   Number         0  stm32l0xx_hal_gpio.o ABSOLUTE
    ../Drivers/STM32L0xx_HAL_Driver/Src/stm32l0xx_hal_i2c.c 0x00000000   Number         0  stm32l0xx_hal_i2c.o ABSOLUTE
    ../Drivers/STM32L0xx_HAL_Driver/Src/stm32l0xx_hal_i2c_ex.c 0x00000000   Number         0  stm32l0xx_hal_i2c_ex.o ABSOLUTE
    ../Drivers/STM32L0xx_HAL_Driver/Src/stm32l0xx_hal_pwr.c 0x00000000   Number         0  stm32l0xx_hal_pwr.o ABSOLUTE
    ../Drivers/STM32L0xx_HAL_Driver/Src/stm32l0xx_hal_pwr_ex.c 0x00000000   Number         0  stm32l0xx_hal_pwr_ex.o ABSOLUTE
    ../Drivers/STM32L0xx_HAL_Driver/Src/stm32l0xx_hal_rcc.c 0x00000000   Number         0  stm32l0xx_hal_rcc.o ABSOLUTE
    ../Drivers/STM32L0xx_HAL_Driver/Src/stm32l0xx_hal_rcc_ex.c 0x00000000   Number         0  stm32l0xx_hal_rcc_ex.o ABSOLUTE
    ../Drivers/STM32L0xx_HAL_Driver/Src/stm32l0xx_hal_tim.c 0x00000000   Number         0  stm32l0xx_hal_tim.o ABSOLUTE
    ../Drivers/STM32L0xx_HAL_Driver/Src/stm32l0xx_hal_tim_ex.c 0x00000000   Number         0  stm32l0xx_hal_tim_ex.o ABSOLUTE
    ../Drivers/STM32L0xx_HAL_Driver/Src/stm32l0xx_hal_uart.c 0x00000000   Number         0  stm32l0xx_hal_uart.o ABSOLUTE
    ../Drivers/STM32L0xx_HAL_Driver/Src/stm32l0xx_hal_uart_ex.c 0x00000000   Number         0  stm32l0xx_hal_uart_ex.o ABSOLUTE
    ../Src/dac.c                             0x00000000   Number         0  dac.o ABSOLUTE
    ../Src/dma.c                             0x00000000   Number         0  dma.o ABSOLUTE
    ../Src/gpio.c                            0x00000000   Number         0  gpio.o ABSOLUTE
    ../Src/main.c                            0x00000000   Number         0  main.o ABSOLUTE
    ../Src/stm32l0xx_hal_msp.c               0x00000000   Number         0  stm32l0xx_hal_msp.o ABSOLUTE
    ../Src/stm32l0xx_it.c                    0x00000000   Number         0  stm32l0xx_it.o ABSOLUTE
    ../Src/system_stm32l0xx.c                0x00000000   Number         0  system_stm32l0xx.o ABSOLUTE
    ../Src/tim.c                             0x00000000   Number         0  tim.o ABSOLUTE
    ../Src/usart.c                           0x00000000   Number         0  usart.o ABSOLUTE
    ../clib/microlib/division.c              0x00000000   Number         0  uldiv.o ABSOLUTE
    ../clib/microlib/division.c              0x00000000   Number         0  uidiv.o ABSOLUTE
    ../clib/microlib/init/entry.s            0x00000000   Number         0  entry2.o ABSOLUTE
    ../clib/microlib/init/entry.s            0x00000000   Number         0  entry5.o ABSOLUTE
    ../clib/microlib/init/entry.s            0x00000000   Number         0  entry7a.o ABSOLUTE
    ../clib/microlib/init/entry.s            0x00000000   Number         0  entry8b.o ABSOLUTE
    ../clib/microlib/init/entry.s            0x00000000   Number         0  entry8a.o ABSOLUTE
    ../clib/microlib/init/entry.s            0x00000000   Number         0  entry11b.o ABSOLUTE
    ../clib/microlib/init/entry.s            0x00000000   Number         0  entry11a.o ABSOLUTE
    ../clib/microlib/init/entry.s            0x00000000   Number         0  entry7b.o ABSOLUTE
    ../clib/microlib/init/entry.s            0x00000000   Number         0  entry10a.o ABSOLUTE
    ../clib/microlib/init/entry.s            0x00000000   Number         0  entry9b.o ABSOLUTE
    ../clib/microlib/init/entry.s            0x00000000   Number         0  entry9a.o ABSOLUTE
    ../clib/microlib/init/entry.s            0x00000000   Number         0  entry.o ABSOLUTE
    ../clib/microlib/init/entry.s            0x00000000   Number         0  entry10b.o ABSOLUTE
    ../clib/microlib/longlong.c              0x00000000   Number         0  llshl.o ABSOLUTE
    ../clib/microlib/longlong.c              0x00000000   Number         0  llushr.o ABSOLUTE
    ../clib/microlib/string/memset.c         0x00000000   Number         0  memseta.o ABSOLUTE
    ..\Drivers\STM32L0xx_HAL_Driver\Src\stm32l0xx_hal.c 0x00000000   Number         0  stm32l0xx_hal.o ABSOLUTE
    ..\Drivers\STM32L0xx_HAL_Driver\Src\stm32l0xx_hal_cortex.c 0x00000000   Number         0  stm32l0xx_hal_cortex.o ABSOLUTE
    ..\Drivers\STM32L0xx_HAL_Driver\Src\stm32l0xx_hal_dac.c 0x00000000   Number         0  stm32l0xx_hal_dac.o ABSOLUTE
    ..\Drivers\STM32L0xx_HAL_Driver\Src\stm32l0xx_hal_dac_ex.c 0x00000000   Number         0  stm32l0xx_hal_dac_ex.o ABSOLUTE
    ..\Drivers\STM32L0xx_HAL_Driver\Src\stm32l0xx_hal_dma.c 0x00000000   Number         0  stm32l0xx_hal_dma.o ABSOLUTE
    ..\Drivers\STM32L0xx_HAL_Driver\Src\stm32l0xx_hal_flash.c 0x00000000   Number         0  stm32l0xx_hal_flash.o ABSOLUTE
    ..\Drivers\STM32L0xx_HAL_Driver\Src\stm32l0xx_hal_flash_ex.c 0x00000000   Number         0  stm32l0xx_hal_flash_ex.o ABSOLUTE
    ..\Drivers\STM32L0xx_HAL_Driver\Src\stm32l0xx_hal_flash_ramfunc.c 0x00000000   Number         0  stm32l0xx_hal_flash_ramfunc.o ABSOLUTE
    ..\Drivers\STM32L0xx_HAL_Driver\Src\stm32l0xx_hal_gpio.c 0x00000000   Number         0  stm32l0xx_hal_gpio.o ABSOLUTE
    ..\Drivers\STM32L0xx_HAL_Driver\Src\stm32l0xx_hal_i2c.c 0x00000000   Number         0  stm32l0xx_hal_i2c.o ABSOLUTE
    ..\Drivers\STM32L0xx_HAL_Driver\Src\stm32l0xx_hal_i2c_ex.c 0x00000000   Number         0  stm32l0xx_hal_i2c_ex.o ABSOLUTE
    ..\Drivers\STM32L0xx_HAL_Driver\Src\stm32l0xx_hal_pwr.c 0x00000000   Number         0  stm32l0xx_hal_pwr.o ABSOLUTE
    ..\Drivers\STM32L0xx_HAL_Driver\Src\stm32l0xx_hal_pwr_ex.c 0x00000000   Number         0  stm32l0xx_hal_pwr_ex.o ABSOLUTE
    ..\Drivers\STM32L0xx_HAL_Driver\Src\stm32l0xx_hal_rcc.c 0x00000000   Number         0  stm32l0xx_hal_rcc.o ABSOLUTE
    ..\Drivers\STM32L0xx_HAL_Driver\Src\stm32l0xx_hal_rcc_ex.c 0x00000000   Number         0  stm32l0xx_hal_rcc_ex.o ABSOLUTE
    ..\Drivers\STM32L0xx_HAL_Driver\Src\stm32l0xx_hal_tim.c 0x00000000   Number         0  stm32l0xx_hal_tim.o ABSOLUTE
    ..\Drivers\STM32L0xx_HAL_Driver\Src\stm32l0xx_hal_tim_ex.c 0x00000000   Number         0  stm32l0xx_hal_tim_ex.o ABSOLUTE
    ..\Drivers\STM32L0xx_HAL_Driver\Src\stm32l0xx_hal_uart.c 0x00000000   Number         0  stm32l0xx_hal_uart.o ABSOLUTE
    ..\Drivers\STM32L0xx_HAL_Driver\Src\stm32l0xx_hal_uart_ex.c 0x00000000   Number         0  stm32l0xx_hal_uart_ex.o ABSOLUTE
    ..\Src\dac.c                             0x00000000   Number         0  dac.o ABSOLUTE
    ..\Src\dma.c                             0x00000000   Number         0  dma.o ABSOLUTE
    ..\Src\gpio.c                            0x00000000   Number         0  gpio.o ABSOLUTE
    ..\Src\main.c                            0x00000000   Number         0  main.o ABSOLUTE
    ..\Src\stm32l0xx_hal_msp.c               0x00000000   Number         0  stm32l0xx_hal_msp.o ABSOLUTE
    ..\Src\stm32l0xx_it.c                    0x00000000   Number         0  stm32l0xx_it.o ABSOLUTE
    ..\Src\system_stm32l0xx.c                0x00000000   Number         0  system_stm32l0xx.o ABSOLUTE
    ..\Src\tim.c                             0x00000000   Number         0  tim.o ABSOLUTE
    ..\Src\usart.c                           0x00000000   Number         0  usart.o ABSOLUTE
    dc.s                                     0x00000000   Number         0  dc.o ABSOLUTE
    handlers.s                               0x00000000   Number         0  handlers.o ABSOLUTE
    init.s                                   0x00000000   Number         0  init.o ABSOLUTE
    startup_stm32l053xx.s                    0x00000000   Number         0  startup_stm32l053xx.o ABSOLUTE
    RESET                                    0x08000000   Section      192  startup_stm32l053xx.o(RESET)
    .ARM.Collect$$$$00000000                 0x080000c0   Section        0  entry.o(.ARM.Collect$$$$00000000)
    .ARM.Collect$$$$00000001                 0x080000c0   Section        4  entry2.o(.ARM.Collect$$$$00000001)
    .ARM.Collect$$$$00000004                 0x080000c4   Section        4  entry5.o(.ARM.Collect$$$$00000004)
    .ARM.Collect$$$$00000008                 0x080000c8   Section        0  entry7b.o(.ARM.Collect$$$$00000008)
    .ARM.Collect$$$$0000000A                 0x080000c8   Section        0  entry8b.o(.ARM.Collect$$$$0000000A)
    .ARM.Collect$$$$0000000B                 0x080000c8   Section        8  entry9a.o(.ARM.Collect$$$$0000000B)
    .ARM.Collect$$$$0000000D                 0x080000d0   Section        0  entry10a.o(.ARM.Collect$$$$0000000D)
    .ARM.Collect$$$$0000000F                 0x080000d0   Section        0  entry11a.o(.ARM.Collect$$$$0000000F)
    .ARM.Collect$$$$00002712                 0x080000d0   Section        4  entry2.o(.ARM.Collect$$$$00002712)
    __lit__00000000                          0x080000d0   Data           4  entry2.o(.ARM.Collect$$$$00002712)
    .text                                    0x080000d4   Section       28  startup_stm32l053xx.o(.text)
    .text                                    0x080000f0   Section        0  uidiv.o(.text)
    .text                                    0x0800011c   Section        0  uldiv.o(.text)
    .text                                    0x0800017c   Section        0  llshl.o(.text)
    .text                                    0x0800019c   Section        0  llushr.o(.text)
    .text                                    0x080001c0   Section       36  init.o(.text)
    i.DAC_DMAConvCpltCh1                     0x080001e4   Section        0  stm32l0xx_hal_dac_ex.o(i.DAC_DMAConvCpltCh1)
    DAC_DMAConvCpltCh1                       0x080001e5   Thumb Code    16  stm32l0xx_hal_dac_ex.o(i.DAC_DMAConvCpltCh1)
    i.DAC_DMAErrorCh1                        0x080001f4   Section        0  stm32l0xx_hal_dac_ex.o(i.DAC_DMAErrorCh1)
    DAC_DMAErrorCh1                          0x080001f5   Thumb Code    24  stm32l0xx_hal_dac_ex.o(i.DAC_DMAErrorCh1)
    i.DAC_DMAHalfConvCpltCh1                 0x0800020c   Section        0  stm32l0xx_hal_dac_ex.o(i.DAC_DMAHalfConvCpltCh1)
    DAC_DMAHalfConvCpltCh1                   0x0800020d   Thumb Code    10  stm32l0xx_hal_dac_ex.o(i.DAC_DMAHalfConvCpltCh1)
    i.DMA1_Channel2_3_IRQHandler             0x08000218   Section        0  stm32l0xx_it.o(i.DMA1_Channel2_3_IRQHandler)
    i.DMA_SetConfig                          0x08000228   Section        0  stm32l0xx_hal_dma.o(i.DMA_SetConfig)
    DMA_SetConfig                            0x08000229   Thumb Code    30  stm32l0xx_hal_dma.o(i.DMA_SetConfig)
    i.EXTI0_1_IRQHandler                     0x08000246   Section        0  stm32l0xx_it.o(i.EXTI0_1_IRQHandler)
    i.EXTI2_3_IRQHandler                     0x08000256   Section        0  stm32l0xx_it.o(i.EXTI2_3_IRQHandler)
    i.EXTI4_15_IRQHandler                    0x08000266   Section        0  stm32l0xx_it.o(i.EXTI4_15_IRQHandler)
    i.HAL_DAC_ConfigChannel                  0x08000278   Section        0  stm32l0xx_hal_dac.o(i.HAL_DAC_ConfigChannel)
    i.HAL_DAC_ConvCpltCallbackCh1            0x080002bc   Section        0  stm32l0xx_hal_dac.o(i.HAL_DAC_ConvCpltCallbackCh1)
    i.HAL_DAC_ConvHalfCpltCallbackCh1        0x080002be   Section        0  stm32l0xx_hal_dac.o(i.HAL_DAC_ConvHalfCpltCallbackCh1)
    i.HAL_DAC_ErrorCallbackCh1               0x080002c0   Section        0  stm32l0xx_hal_dac.o(i.HAL_DAC_ErrorCallbackCh1)
    i.HAL_DAC_Init                           0x080002c2   Section        0  stm32l0xx_hal_dac.o(i.HAL_DAC_Init)
    i.HAL_DAC_MspInit                        0x080002ec   Section        0  dac.o(i.HAL_DAC_MspInit)
    i.HAL_DAC_Start                          0x08000374   Section        0  stm32l0xx_hal_dac_ex.o(i.HAL_DAC_Start)
    i.HAL_DAC_Start_DMA                      0x080003bc   Section        0  stm32l0xx_hal_dac_ex.o(i.HAL_DAC_Start_DMA)
    i.HAL_DAC_Stop                           0x08000448   Section        0  stm32l0xx_hal_dac.o(i.HAL_DAC_Stop)
    i.HAL_DMA_Abort_IT                       0x08000460   Section        0  stm32l0xx_hal_dma.o(i.HAL_DMA_Abort_IT)
    i.HAL_DMA_IRQHandler                     0x080004f8   Section        0  stm32l0xx_hal_dma.o(i.HAL_DMA_IRQHandler)
    i.HAL_DMA_Init                           0x08000778   Section        0  stm32l0xx_hal_dma.o(i.HAL_DMA_Init)
    i.HAL_DMA_Start_IT                       0x08000880   Section        0  stm32l0xx_hal_dma.o(i.HAL_DMA_Start_IT)
    i.HAL_GPIO_EXTI_Callback                 0x080008ce   Section        0  stm32l0xx_hal_gpio.o(i.HAL_GPIO_EXTI_Callback)
    i.HAL_GPIO_EXTI_IRQHandler               0x080008d0   Section        0  stm32l0xx_hal_gpio.o(i.HAL_GPIO_EXTI_IRQHandler)
    i.HAL_GPIO_Init                          0x080008e8   Section        0  stm32l0xx_hal_gpio.o(i.HAL_GPIO_Init)
    i.HAL_GPIO_WritePin                      0x08000a60   Section        0  stm32l0xx_hal_gpio.o(i.HAL_GPIO_WritePin)
    i.HAL_GetTick                            0x08000a6c   Section        0  stm32l0xx_hal.o(i.HAL_GetTick)
    i.HAL_IncTick                            0x08000a78   Section        0  stm32l0xx_hal.o(i.HAL_IncTick)
    i.HAL_Init                               0x08000a88   Section        0  stm32l0xx_hal.o(i.HAL_Init)
    i.HAL_InitTick                           0x08000aa8   Section        0  stm32l0xx_hal.o(i.HAL_InitTick)
    i.HAL_MspInit                            0x08000ad0   Section        0  stm32l0xx_hal_msp.o(i.HAL_MspInit)
    i.HAL_NVIC_EnableIRQ                     0x08000b08   Section        0  stm32l0xx_hal_cortex.o(i.HAL_NVIC_EnableIRQ)
    i.HAL_NVIC_SetPriority                   0x08000b1c   Section        0  stm32l0xx_hal_cortex.o(i.HAL_NVIC_SetPriority)
    i.HAL_RCCEx_GetPeriphCLKFreq             0x08000b24   Section        0  stm32l0xx_hal_rcc_ex.o(i.HAL_RCCEx_GetPeriphCLKFreq)
    i.HAL_RCCEx_PeriphCLKConfig              0x08000cc8   Section        0  stm32l0xx_hal_rcc_ex.o(i.HAL_RCCEx_PeriphCLKConfig)
    i.HAL_RCC_ClockConfig                    0x08000e60   Section        0  stm32l0xx_hal_rcc.o(i.HAL_RCC_ClockConfig)
    i.HAL_RCC_GetHCLKFreq                    0x08000fc8   Section        0  stm32l0xx_hal_rcc.o(i.HAL_RCC_GetHCLKFreq)
    i.HAL_RCC_GetPCLK1Freq                   0x08000fd4   Section        0  stm32l0xx_hal_rcc.o(i.HAL_RCC_GetPCLK1Freq)
    i.HAL_RCC_GetPCLK2Freq                   0x08000ff4   Section        0  stm32l0xx_hal_rcc.o(i.HAL_RCC_GetPCLK2Freq)
    i.HAL_RCC_GetSysClockFreq                0x08001014   Section        0  stm32l0xx_hal_rcc.o(i.HAL_RCC_GetSysClockFreq)
    i.HAL_RCC_OscConfig                      0x0800108c   Section        0  stm32l0xx_hal_rcc.o(i.HAL_RCC_OscConfig)
    i.HAL_SYSTICK_CLKSourceConfig            0x080014e0   Section        0  stm32l0xx_hal_cortex.o(i.HAL_SYSTICK_CLKSourceConfig)
    i.HAL_SYSTICK_Callback                   0x080014f8   Section        0  stm32l0xx_hal_cortex.o(i.HAL_SYSTICK_Callback)
    i.HAL_SYSTICK_Config                     0x080014fc   Section        0  stm32l0xx_hal_cortex.o(i.HAL_SYSTICK_Config)
    i.HAL_SYSTICK_IRQHandler                 0x0800152c   Section        0  stm32l0xx_hal_cortex.o(i.HAL_SYSTICK_IRQHandler)
    i.HAL_TIMEx_MasterConfigSynchronization  0x08001534   Section        0  stm32l0xx_hal_tim_ex.o(i.HAL_TIMEx_MasterConfigSynchronization)
    i.HAL_TIM_Base_Init                      0x0800157c   Section        0  stm32l0xx_hal_tim.o(i.HAL_TIM_Base_Init)
    i.HAL_TIM_Base_MspInit                   0x080015b0   Section        0  tim.o(i.HAL_TIM_Base_MspInit)
    i.HAL_TIM_Base_Start                     0x080015f0   Section        0  stm32l0xx_hal_tim.o(i.HAL_TIM_Base_Start)
    i.HAL_TIM_Base_Stop                      0x08001608   Section        0  stm32l0xx_hal_tim.o(i.HAL_TIM_Base_Stop)
    i.HAL_TIM_ConfigClockSource              0x08001630   Section        0  stm32l0xx_hal_tim.o(i.HAL_TIM_ConfigClockSource)
    i.HAL_TIM_IC_CaptureCallback             0x0800171e   Section        0  stm32l0xx_hal_tim.o(i.HAL_TIM_IC_CaptureCallback)
    i.HAL_TIM_IRQHandler                     0x08001720   Section        0  stm32l0xx_hal_tim.o(i.HAL_TIM_IRQHandler)
    i.HAL_TIM_MspPostInit                    0x08001848   Section        0  tim.o(i.HAL_TIM_MspPostInit)
    i.HAL_TIM_OC_DelayElapsedCallback        0x08001890   Section        0  stm32l0xx_hal_tim.o(i.HAL_TIM_OC_DelayElapsedCallback)
    i.HAL_TIM_PWM_ConfigChannel              0x08001892   Section        0  stm32l0xx_hal_tim.o(i.HAL_TIM_PWM_ConfigChannel)
    i.HAL_TIM_PWM_DeInit                     0x08001964   Section        0  stm32l0xx_hal_tim.o(i.HAL_TIM_PWM_DeInit)
    i.HAL_TIM_PWM_Init                       0x08001990   Section        0  stm32l0xx_hal_tim.o(i.HAL_TIM_PWM_Init)
    i.HAL_TIM_PWM_MspDeInit                  0x080019c4   Section        0  stm32l0xx_hal_tim.o(i.HAL_TIM_PWM_MspDeInit)
    i.HAL_TIM_PWM_MspInit                    0x080019c6   Section        0  main.o(i.HAL_TIM_PWM_MspInit)
    i.HAL_TIM_PWM_PulseFinishedCallback      0x080019c8   Section        0  stm32l0xx_hal_tim.o(i.HAL_TIM_PWM_PulseFinishedCallback)
    i.HAL_TIM_PWM_Start                      0x080019ca   Section        0  stm32l0xx_hal_tim.o(i.HAL_TIM_PWM_Start)
    i.HAL_TIM_PeriodElapsedCallback          0x080019e4   Section        0  stm32l0xx_hal_tim.o(i.HAL_TIM_PeriodElapsedCallback)
    i.HAL_TIM_TriggerCallback                0x080019e6   Section        0  stm32l0xx_hal_tim.o(i.HAL_TIM_TriggerCallback)
    i.HAL_UARTEx_WakeupCallback              0x080019e8   Section        0  stm32l0xx_hal_uart_ex.o(i.HAL_UARTEx_WakeupCallback)
    i.HAL_UART_ErrorCallback                 0x080019ea   Section        0  stm32l0xx_hal_uart.o(i.HAL_UART_ErrorCallback)
    i.HAL_UART_IRQHandler                    0x080019ec   Section        0  stm32l0xx_hal_uart.o(i.HAL_UART_IRQHandler)
    i.HAL_UART_Init                          0x08001b30   Section        0  stm32l0xx_hal_uart.o(i.HAL_UART_Init)
    i.HAL_UART_MspInit                       0x08001b9c   Section        0  usart.o(i.HAL_UART_MspInit)
    i.HAL_UART_RxCpltCallback                0x08001bf0   Section        0  stm32l0xx_hal_uart.o(i.HAL_UART_RxCpltCallback)
    i.HAL_UART_TxCpltCallback                0x08001bf2   Section        0  stm32l0xx_hal_uart.o(i.HAL_UART_TxCpltCallback)
    i.HardFault_Handler                      0x08001bf4   Section        0  stm32l0xx_it.o(i.HardFault_Handler)
    i.MX_DAC_Init                            0x08001bf8   Section        0  dac.o(i.MX_DAC_Init)
    i.MX_DMA_Init                            0x08001c4c   Section        0  dma.o(i.MX_DMA_Init)
    i.MX_GPIO_Init                           0x08001c74   Section        0  gpio.o(i.MX_GPIO_Init)
    i.MX_TIM21_Init                          0x08001d08   Section        0  tim.o(i.MX_TIM21_Init)
    i.MX_TIM2_Init                           0x08001dd0   Section        0  tim.o(i.MX_TIM2_Init)
    i.MX_TIM6_Init                           0x08001e48   Section        0  tim.o(i.MX_TIM6_Init)
    i.MX_USART1_UART_Init                    0x08001ea0   Section        0  usart.o(i.MX_USART1_UART_Init)
    i.NMI_Handler                            0x08001ef0   Section        0  stm32l0xx_it.o(i.NMI_Handler)
    i.NVIC_SetPriority                       0x08001ef4   Section        0  stm32l0xx_hal_cortex.o(i.NVIC_SetPriority)
    NVIC_SetPriority                         0x08001ef5   Thumb Code    60  stm32l0xx_hal_cortex.o(i.NVIC_SetPriority)
    i.PendSV_Handler                         0x08001f38   Section        0  stm32l0xx_it.o(i.PendSV_Handler)
    i.RCC_SetFlashLatencyFromMSIRange        0x08001f3c   Section        0  stm32l0xx_hal_rcc.o(i.RCC_SetFlashLatencyFromMSIRange)
    RCC_SetFlashLatencyFromMSIRange          0x08001f3d   Thumb Code    94  stm32l0xx_hal_rcc.o(i.RCC_SetFlashLatencyFromMSIRange)
    i.SVC_Handler                            0x08001fac   Section        0  stm32l0xx_it.o(i.SVC_Handler)
    i.SysTick_Handler                        0x08001fae   Section        0  stm32l0xx_it.o(i.SysTick_Handler)
    i.SystemClock_Config                     0x08001fbc   Section        0  main.o(i.SystemClock_Config)
    i.SystemInit                             0x08002044   Section        0  system_stm32l0xx.o(i.SystemInit)
    i.TIM21_IRQHandler                       0x08002098   Section        0  stm32l0xx_it.o(i.TIM21_IRQHandler)
    i.TIM2_IRQHandler                        0x080020ac   Section        0  stm32l0xx_it.o(i.TIM2_IRQHandler)
    i.TIM_Base_SetConfig                     0x080020bc   Section        0  stm32l0xx_hal_tim.o(i.TIM_Base_SetConfig)
    TIM_Base_SetConfig                       0x080020bd   Thumb Code    70  stm32l0xx_hal_tim.o(i.TIM_Base_SetConfig)
    i.TIM_CCxChannelCmd                      0x0800210c   Section        0  stm32l0xx_hal_tim.o(i.TIM_CCxChannelCmd)
    TIM_CCxChannelCmd                        0x0800210d   Thumb Code    22  stm32l0xx_hal_tim.o(i.TIM_CCxChannelCmd)
    i.TIM_ETR_SetConfig                      0x08002122   Section        0  stm32l0xx_hal_tim.o(i.TIM_ETR_SetConfig)
    TIM_ETR_SetConfig                        0x08002123   Thumb Code    22  stm32l0xx_hal_tim.o(i.TIM_ETR_SetConfig)
    i.TIM_ITRx_SetConfig                     0x08002138   Section        0  stm32l0xx_hal_tim.o(i.TIM_ITRx_SetConfig)
    TIM_ITRx_SetConfig                       0x08002139   Thumb Code    16  stm32l0xx_hal_tim.o(i.TIM_ITRx_SetConfig)
    i.TIM_OC1_SetConfig                      0x08002148   Section        0  stm32l0xx_hal_tim.o(i.TIM_OC1_SetConfig)
    TIM_OC1_SetConfig                        0x08002149   Thumb Code    48  stm32l0xx_hal_tim.o(i.TIM_OC1_SetConfig)
    i.TIM_OC2_SetConfig                      0x08002178   Section        0  stm32l0xx_hal_tim.o(i.TIM_OC2_SetConfig)
    TIM_OC2_SetConfig                        0x08002179   Thumb Code    50  stm32l0xx_hal_tim.o(i.TIM_OC2_SetConfig)
    i.TIM_OC3_SetConfig                      0x080021aa   Section        0  stm32l0xx_hal_tim.o(i.TIM_OC3_SetConfig)
    TIM_OC3_SetConfig                        0x080021ab   Thumb Code    54  stm32l0xx_hal_tim.o(i.TIM_OC3_SetConfig)
    i.TIM_OC4_SetConfig                      0x080021e0   Section        0  stm32l0xx_hal_tim.o(i.TIM_OC4_SetConfig)
    TIM_OC4_SetConfig                        0x080021e1   Thumb Code    54  stm32l0xx_hal_tim.o(i.TIM_OC4_SetConfig)
    i.TIM_TI1_ConfigInputStage               0x08002216   Section        0  stm32l0xx_hal_tim.o(i.TIM_TI1_ConfigInputStage)
    TIM_TI1_ConfigInputStage                 0x08002217   Thumb Code    34  stm32l0xx_hal_tim.o(i.TIM_TI1_ConfigInputStage)
    i.TIM_TI2_ConfigInputStage               0x08002238   Section        0  stm32l0xx_hal_tim.o(i.TIM_TI2_ConfigInputStage)
    TIM_TI2_ConfigInputStage                 0x08002239   Thumb Code    38  stm32l0xx_hal_tim.o(i.TIM_TI2_ConfigInputStage)
    i.UART_AdvFeatureConfig                  0x0800225e   Section        0  stm32l0xx_hal_uart.o(i.UART_AdvFeatureConfig)
    i.UART_CheckIdleState                    0x08002328   Section        0  stm32l0xx_hal_uart.o(i.UART_CheckIdleState)
    i.UART_DMAAbortOnError                   0x08002388   Section        0  stm32l0xx_hal_uart.o(i.UART_DMAAbortOnError)
    UART_DMAAbortOnError                     0x08002389   Thumb Code    20  stm32l0xx_hal_uart.o(i.UART_DMAAbortOnError)
    i.UART_EndRxTransfer                     0x0800239c   Section        0  stm32l0xx_hal_uart.o(i.UART_EndRxTransfer)
    UART_EndRxTransfer                       0x0800239d   Thumb Code    30  stm32l0xx_hal_uart.o(i.UART_EndRxTransfer)
    i.UART_Receive_IT                        0x080023ba   Section        0  stm32l0xx_hal_uart.o(i.UART_Receive_IT)
    UART_Receive_IT                          0x080023bb   Thumb Code   126  stm32l0xx_hal_uart.o(i.UART_Receive_IT)
    i.UART_SetConfig                         0x08002438   Section        0  stm32l0xx_hal_uart.o(i.UART_SetConfig)
    i.UART_Transmit_IT                       0x08002654   Section        0  stm32l0xx_hal_uart.o(i.UART_Transmit_IT)
    UART_Transmit_IT                         0x08002655   Thumb Code   102  stm32l0xx_hal_uart.o(i.UART_Transmit_IT)
    i.UART_WaitOnFlagUntilTimeout            0x080026ba   Section        0  stm32l0xx_hal_uart.o(i.UART_WaitOnFlagUntilTimeout)
    i.USART1_IRQHandler                      0x0800271c   Section        0  stm32l0xx_it.o(i.USART1_IRQHandler)
    i._Error_Handler                         0x0800272c   Section        0  main.o(i._Error_Handler)
    i.__ARM_common_switch8                   0x0800272e   Section        0  stm32l0xx_hal_tim.o(i.__ARM_common_switch8)
    i.__scatterload_copy                     0x08002748   Section       14  handlers.o(i.__scatterload_copy)
    i.__scatterload_null                     0x08002756   Section        2  handlers.o(i.__scatterload_null)
    i.__scatterload_zeroinit                 0x08002758   Section       14  handlers.o(i.__scatterload_zeroinit)
    i.main                                   0x08002768   Section        0  main.o(i.main)
    i.pwmInterrupt                           0x080028f4   Section        0  main.o(i.pwmInterrupt)
    i.toggleRed                              0x080028fc   Section        0  gpio.o(i.toggleRed)
    .constdata                               0x0800290a   Section       25  system_stm32l0xx.o(.constdata)
    .constdata                               0x08002923   Section        8  system_stm32l0xx.o(.constdata)
    .constdata                               0x0800292c   Section       64  main.o(.constdata)
    sine_wave_array                          0x0800292c   Data          64  main.o(.constdata)
    .data                                    0x20000000   Section        4  stm32l0xx_hal.o(.data)
    .data                                    0x20000004   Section        4  system_stm32l0xx.o(.data)
    .data                                    0x20000008   Section       28  main.o(.data)
    period                                   0x20000008   Data           4  main.o(.data)
    b0                                       0x2000000c   Data           4  main.o(.data)
    b1                                       0x20000010   Data           4  main.o(.data)
    b2                                       0x20000014   Data           4  main.o(.data)
    b3                                       0x20000018   Data           4  main.o(.data)
    b4                                       0x2000001c   Data           4  main.o(.data)
    b5                                       0x20000020   Data           4  main.o(.data)
    .bss                                     0x20000024   Section      112  usart.o(.bss)
    .bss                                     0x20000094   Section      168  tim.o(.bss)
    .bss                                     0x2000013c   Section       80  dac.o(.bss)
    STACK                                    0x20000190   Section     1024  startup_stm32l053xx.o(STACK)

    Global Symbols

    Symbol Name                              Value     Ov Type        Size  Object(Section)

    BuildAttributes$$THM_ISAv3M$S$PE$A:L22$X:L11$S22$IEEE1$IW$USESV6$~STKCKD$USESV7$~SHL$OSPACE$EBA8$MICROLIB$REQ8$PRES8$EABIv2 0x00000000   Number         0  anon$$obj.o ABSOLUTE
    __ARM_use_no_argv                        0x00000000   Number         0  main.o ABSOLUTE
    __cpp_initialize__aeabi_                  - Undefined Weak Reference
    __cxa_finalize                            - Undefined Weak Reference
    __decompress                              - Undefined Weak Reference
    _clock_init                               - Undefined Weak Reference
    _microlib_exit                            - Undefined Weak Reference
    __Vectors_Size                           0x000000c0   Number         0  startup_stm32l053xx.o ABSOLUTE
    __Vectors                                0x08000000   Data           4  startup_stm32l053xx.o(RESET)
    __Vectors_End                            0x080000c0   Data           0  startup_stm32l053xx.o(RESET)
    __main                                   0x080000c1   Thumb Code     0  entry.o(.ARM.Collect$$$$00000000)
    _main_stk                                0x080000c1   Thumb Code     0  entry2.o(.ARM.Collect$$$$00000001)
    _main_scatterload                        0x080000c5   Thumb Code     0  entry5.o(.ARM.Collect$$$$00000004)
    __main_after_scatterload                 0x080000c9   Thumb Code     0  entry5.o(.ARM.Collect$$$$00000004)
    _main_clock                              0x080000c9   Thumb Code     0  entry7b.o(.ARM.Collect$$$$00000008)
    _main_cpp_init                           0x080000c9   Thumb Code     0  entry8b.o(.ARM.Collect$$$$0000000A)
    _main_init                               0x080000c9   Thumb Code     0  entry9a.o(.ARM.Collect$$$$0000000B)
    __rt_final_cpp                           0x080000d1   Thumb Code     0  entry10a.o(.ARM.Collect$$$$0000000D)
    __rt_final_exit                          0x080000d1   Thumb Code     0  entry11a.o(.ARM.Collect$$$$0000000F)
    Reset_Handler                            0x080000d5   Thumb Code     8  startup_stm32l053xx.o(.text)
    ADC1_COMP_IRQHandler                     0x080000e7   Thumb Code     0  startup_stm32l053xx.o(.text)
    DMA1_Channel1_IRQHandler                 0x080000e7   Thumb Code     0  startup_stm32l053xx.o(.text)
    DMA1_Channel4_5_6_7_IRQHandler           0x080000e7   Thumb Code     0  startup_stm32l053xx.o(.text)
    FLASH_IRQHandler                         0x080000e7   Thumb Code     0  startup_stm32l053xx.o(.text)
    I2C1_IRQHandler                          0x080000e7   Thumb Code     0  startup_stm32l053xx.o(.text)
    I2C2_IRQHandler                          0x080000e7   Thumb Code     0  startup_stm32l053xx.o(.text)
    LCD_IRQHandler                           0x080000e7   Thumb Code     0  startup_stm32l053xx.o(.text)
    LPTIM1_IRQHandler                        0x080000e7   Thumb Code     0  startup_stm32l053xx.o(.text)
    PVD_IRQHandler                           0x080000e7   Thumb Code     0  startup_stm32l053xx.o(.text)
    RCC_CRS_IRQHandler                       0x080000e7   Thumb Code     0  startup_stm32l053xx.o(.text)
    RNG_LPUART1_IRQHandler                   0x080000e7   Thumb Code     0  startup_stm32l053xx.o(.text)
    RTC_IRQHandler                           0x080000e7   Thumb Code     0  startup_stm32l053xx.o(.text)
    SPI1_IRQHandler                          0x080000e7   Thumb Code     0  startup_stm32l053xx.o(.text)
    SPI2_IRQHandler                          0x080000e7   Thumb Code     0  startup_stm32l053xx.o(.text)
    TIM22_IRQHandler                         0x080000e7   Thumb Code     0  startup_stm32l053xx.o(.text)
    TIM6_DAC_IRQHandler                      0x080000e7   Thumb Code     0  startup_stm32l053xx.o(.text)
    TSC_IRQHandler                           0x080000e7   Thumb Code     0  startup_stm32l053xx.o(.text)
    USART2_IRQHandler                        0x080000e7   Thumb Code     0  startup_stm32l053xx.o(.text)
    USB_IRQHandler                           0x080000e7   Thumb Code     0  startup_stm32l053xx.o(.text)
    WWDG_IRQHandler                          0x080000e7   Thumb Code     0  startup_stm32l053xx.o(.text)
    __aeabi_uidiv                            0x080000f1   Thumb Code     0  uidiv.o(.text)
    __aeabi_uidivmod                         0x080000f1   Thumb Code    44  uidiv.o(.text)
    __aeabi_uldivmod                         0x0800011d   Thumb Code    96  uldiv.o(.text)
    __aeabi_llsl                             0x0800017d   Thumb Code    32  llshl.o(.text)
    _ll_shift_l                              0x0800017d   Thumb Code     0  llshl.o(.text)
    __aeabi_llsr                             0x0800019d   Thumb Code    34  llushr.o(.text)
    _ll_ushift_r                             0x0800019d   Thumb Code     0  llushr.o(.text)
    __scatterload                            0x080001c1   Thumb Code    28  init.o(.text)
    __scatterload_rt2                        0x080001c1   Thumb Code     0  init.o(.text)
    DMA1_Channel2_3_IRQHandler               0x08000219   Thumb Code    10  stm32l0xx_it.o(i.DMA1_Channel2_3_IRQHandler)
    EXTI0_1_IRQHandler                       0x08000247   Thumb Code    16  stm32l0xx_it.o(i.EXTI0_1_IRQHandler)
    EXTI2_3_IRQHandler                       0x08000257   Thumb Code    16  stm32l0xx_it.o(i.EXTI2_3_IRQHandler)
    EXTI4_15_IRQHandler                      0x08000267   Thumb Code    16  stm32l0xx_it.o(i.EXTI4_15_IRQHandler)
    HAL_DAC_ConfigChannel                    0x08000279   Thumb Code    64  stm32l0xx_hal_dac.o(i.HAL_DAC_ConfigChannel)
    HAL_DAC_ConvCpltCallbackCh1              0x080002bd   Thumb Code     2  stm32l0xx_hal_dac.o(i.HAL_DAC_ConvCpltCallbackCh1)
    HAL_DAC_ConvHalfCpltCallbackCh1          0x080002bf   Thumb Code     2  stm32l0xx_hal_dac.o(i.HAL_DAC_ConvHalfCpltCallbackCh1)
    HAL_DAC_ErrorCallbackCh1                 0x080002c1   Thumb Code     2  stm32l0xx_hal_dac.o(i.HAL_DAC_ErrorCallbackCh1)
    HAL_DAC_Init                             0x080002c3   Thumb Code    42  stm32l0xx_hal_dac.o(i.HAL_DAC_Init)
    HAL_DAC_MspInit                          0x080002ed   Thumb Code   104  dac.o(i.HAL_DAC_MspInit)
    HAL_DAC_Start                            0x08000375   Thumb Code    72  stm32l0xx_hal_dac_ex.o(i.HAL_DAC_Start)
    HAL_DAC_Start_DMA                        0x080003bd   Thumb Code   128  stm32l0xx_hal_dac_ex.o(i.HAL_DAC_Start_DMA)
    HAL_DAC_Stop                             0x08000449   Thumb Code    22  stm32l0xx_hal_dac.o(i.HAL_DAC_Stop)
    HAL_DMA_Abort_IT                         0x08000461   Thumb Code   148  stm32l0xx_hal_dma.o(i.HAL_DMA_Abort_IT)
    HAL_DMA_IRQHandler                       0x080004f9   Thumb Code   634  stm32l0xx_hal_dma.o(i.HAL_DMA_IRQHandler)
    HAL_DMA_Init                             0x08000779   Thumb Code   254  stm32l0xx_hal_dma.o(i.HAL_DMA_Init)
    HAL_DMA_Start_IT                         0x08000881   Thumb Code    78  stm32l0xx_hal_dma.o(i.HAL_DMA_Start_IT)
    HAL_GPIO_EXTI_Callback                   0x080008cf   Thumb Code     2  stm32l0xx_hal_gpio.o(i.HAL_GPIO_EXTI_Callback)
    HAL_GPIO_EXTI_IRQHandler                 0x080008d1   Thumb Code    18  stm32l0xx_hal_gpio.o(i.HAL_GPIO_EXTI_IRQHandler)
    HAL_GPIO_Init                            0x080008e9   Thumb Code   346  stm32l0xx_hal_gpio.o(i.HAL_GPIO_Init)
    HAL_GPIO_WritePin                        0x08000a61   Thumb Code    12  stm32l0xx_hal_gpio.o(i.HAL_GPIO_WritePin)
    HAL_GetTick                              0x08000a6d   Thumb Code     6  stm32l0xx_hal.o(i.HAL_GetTick)
    HAL_IncTick                              0x08000a79   Thumb Code    10  stm32l0xx_hal.o(i.HAL_IncTick)
    HAL_Init                                 0x08000a89   Thumb Code    26  stm32l0xx_hal.o(i.HAL_Init)
    HAL_InitTick                             0x08000aa9   Thumb Code    34  stm32l0xx_hal.o(i.HAL_InitTick)
    HAL_MspInit                              0x08000ad1   Thumb Code    52  stm32l0xx_hal_msp.o(i.HAL_MspInit)
    HAL_NVIC_EnableIRQ                       0x08000b09   Thumb Code    14  stm32l0xx_hal_cortex.o(i.HAL_NVIC_EnableIRQ)
    HAL_NVIC_SetPriority                     0x08000b1d   Thumb Code     8  stm32l0xx_hal_cortex.o(i.HAL_NVIC_SetPriority)
    HAL_RCCEx_GetPeriphCLKFreq               0x08000b25   Thumb Code   380  stm32l0xx_hal_rcc_ex.o(i.HAL_RCCEx_GetPeriphCLKFreq)
    HAL_RCCEx_PeriphCLKConfig                0x08000cc9   Thumb Code   396  stm32l0xx_hal_rcc_ex.o(i.HAL_RCCEx_PeriphCLKConfig)
    HAL_RCC_ClockConfig                      0x08000e61   Thumb Code   340  stm32l0xx_hal_rcc.o(i.HAL_RCC_ClockConfig)
    HAL_RCC_GetHCLKFreq                      0x08000fc9   Thumb Code     6  stm32l0xx_hal_rcc.o(i.HAL_RCC_GetHCLKFreq)
    HAL_RCC_GetPCLK1Freq                     0x08000fd5   Thumb Code    20  stm32l0xx_hal_rcc.o(i.HAL_RCC_GetPCLK1Freq)
    HAL_RCC_GetPCLK2Freq                     0x08000ff5   Thumb Code    20  stm32l0xx_hal_rcc.o(i.HAL_RCC_GetPCLK2Freq)
    HAL_RCC_GetSysClockFreq                  0x08001015   Thumb Code   100  stm32l0xx_hal_rcc.o(i.HAL_RCC_GetSysClockFreq)
    HAL_RCC_OscConfig                        0x0800108d   Thumb Code  1106  stm32l0xx_hal_rcc.o(i.HAL_RCC_OscConfig)
    HAL_SYSTICK_CLKSourceConfig              0x080014e1   Thumb Code    20  stm32l0xx_hal_cortex.o(i.HAL_SYSTICK_CLKSourceConfig)
    HAL_SYSTICK_Callback                     0x080014f9   Thumb Code     2  stm32l0xx_hal_cortex.o(i.HAL_SYSTICK_Callback)
    HAL_SYSTICK_Config                       0x080014fd   Thumb Code    38  stm32l0xx_hal_cortex.o(i.HAL_SYSTICK_Config)
    HAL_SYSTICK_IRQHandler                   0x0800152d   Thumb Code     8  stm32l0xx_hal_cortex.o(i.HAL_SYSTICK_IRQHandler)
    HAL_TIMEx_MasterConfigSynchronization    0x08001535   Thumb Code    72  stm32l0xx_hal_tim_ex.o(i.HAL_TIMEx_MasterConfigSynchronization)
    HAL_TIM_Base_Init                        0x0800157d   Thumb Code    52  stm32l0xx_hal_tim.o(i.HAL_TIM_Base_Init)
    HAL_TIM_Base_MspInit                     0x080015b1   Thumb Code    50  tim.o(i.HAL_TIM_Base_MspInit)
    HAL_TIM_Base_Start                       0x080015f1   Thumb Code    24  stm32l0xx_hal_tim.o(i.HAL_TIM_Base_Start)
    HAL_TIM_Base_Stop                        0x08001609   Thumb Code    34  stm32l0xx_hal_tim.o(i.HAL_TIM_Base_Stop)
    HAL_TIM_ConfigClockSource                0x08001631   Thumb Code   238  stm32l0xx_hal_tim.o(i.HAL_TIM_ConfigClockSource)
    HAL_TIM_IC_CaptureCallback               0x0800171f   Thumb Code     2  stm32l0xx_hal_tim.o(i.HAL_TIM_IC_CaptureCallback)
    HAL_TIM_IRQHandler                       0x08001721   Thumb Code   294  stm32l0xx_hal_tim.o(i.HAL_TIM_IRQHandler)
    HAL_TIM_MspPostInit                      0x08001849   Thumb Code    68  tim.o(i.HAL_TIM_MspPostInit)
    HAL_TIM_OC_DelayElapsedCallback          0x08001891   Thumb Code     2  stm32l0xx_hal_tim.o(i.HAL_TIM_OC_DelayElapsedCallback)
    HAL_TIM_PWM_ConfigChannel                0x08001893   Thumb Code   208  stm32l0xx_hal_tim.o(i.HAL_TIM_PWM_ConfigChannel)
    HAL_TIM_PWM_DeInit                       0x08001965   Thumb Code    40  stm32l0xx_hal_tim.o(i.HAL_TIM_PWM_DeInit)
    HAL_TIM_PWM_Init                         0x08001991   Thumb Code    52  stm32l0xx_hal_tim.o(i.HAL_TIM_PWM_Init)
    HAL_TIM_PWM_MspDeInit                    0x080019c5   Thumb Code     2  stm32l0xx_hal_tim.o(i.HAL_TIM_PWM_MspDeInit)
    HAL_TIM_PWM_MspInit                      0x080019c7   Thumb Code     2  main.o(i.HAL_TIM_PWM_MspInit)
    HAL_TIM_PWM_PulseFinishedCallback        0x080019c9   Thumb Code     2  stm32l0xx_hal_tim.o(i.HAL_TIM_PWM_PulseFinishedCallback)
    HAL_TIM_PWM_Start                        0x080019cb   Thumb Code    26  stm32l0xx_hal_tim.o(i.HAL_TIM_PWM_Start)
    HAL_TIM_PeriodElapsedCallback            0x080019e5   Thumb Code     2  stm32l0xx_hal_tim.o(i.HAL_TIM_PeriodElapsedCallback)
    HAL_TIM_TriggerCallback                  0x080019e7   Thumb Code     2  stm32l0xx_hal_tim.o(i.HAL_TIM_TriggerCallback)
    HAL_UARTEx_WakeupCallback                0x080019e9   Thumb Code     2  stm32l0xx_hal_uart_ex.o(i.HAL_UARTEx_WakeupCallback)
    HAL_UART_ErrorCallback                   0x080019eb   Thumb Code     2  stm32l0xx_hal_uart.o(i.HAL_UART_ErrorCallback)
    HAL_UART_IRQHandler                      0x080019ed   Thumb Code   318  stm32l0xx_hal_uart.o(i.HAL_UART_IRQHandler)
    HAL_UART_Init                            0x08001b31   Thumb Code   108  stm32l0xx_hal_uart.o(i.HAL_UART_Init)
    HAL_UART_MspInit                         0x08001b9d   Thumb Code    76  usart.o(i.HAL_UART_MspInit)
    HAL_UART_RxCpltCallback                  0x08001bf1   Thumb Code     2  stm32l0xx_hal_uart.o(i.HAL_UART_RxCpltCallback)
    HAL_UART_TxCpltCallback                  0x08001bf3   Thumb Code     2  stm32l0xx_hal_uart.o(i.HAL_UART_TxCpltCallback)
    HardFault_Handler                        0x08001bf5   Thumb Code     2  stm32l0xx_it.o(i.HardFault_Handler)
    MX_DAC_Init                              0x08001bf9   Thumb Code    58  dac.o(i.MX_DAC_Init)
    MX_DMA_Init                              0x08001c4d   Thumb Code    36  dma.o(i.MX_DMA_Init)
    MX_GPIO_Init                             0x08001c75   Thumb Code   136  gpio.o(i.MX_GPIO_Init)
    MX_TIM21_Init                            0x08001d09   Thumb Code   172  tim.o(i.MX_TIM21_Init)
    MX_TIM2_Init                             0x08001dd1   Thumb Code    96  tim.o(i.MX_TIM2_Init)
    MX_TIM6_Init                             0x08001e49   Thumb Code    62  tim.o(i.MX_TIM6_Init)
    MX_USART1_UART_Init                      0x08001ea1   Thumb Code    54  usart.o(i.MX_USART1_UART_Init)
    NMI_Handler                              0x08001ef1   Thumb Code     2  stm32l0xx_it.o(i.NMI_Handler)
    PendSV_Handler                           0x08001f39   Thumb Code     2  stm32l0xx_it.o(i.PendSV_Handler)
    SVC_Handler                              0x08001fad   Thumb Code     2  stm32l0xx_it.o(i.SVC_Handler)
    SysTick_Handler                          0x08001faf   Thumb Code    12  stm32l0xx_it.o(i.SysTick_Handler)
    SystemClock_Config                       0x08001fbd   Thumb Code   130  main.o(i.SystemClock_Config)
    SystemInit                               0x08002045   Thumb Code    66  system_stm32l0xx.o(i.SystemInit)
    TIM21_IRQHandler                         0x08002099   Thumb Code    14  stm32l0xx_it.o(i.TIM21_IRQHandler)
    TIM2_IRQHandler                          0x080020ad   Thumb Code    10  stm32l0xx_it.o(i.TIM2_IRQHandler)
    UART_AdvFeatureConfig                    0x0800225f   Thumb Code   202  stm32l0xx_hal_uart.o(i.UART_AdvFeatureConfig)
    UART_CheckIdleState                      0x08002329   Thumb Code    90  stm32l0xx_hal_uart.o(i.UART_CheckIdleState)
    UART_SetConfig                           0x08002439   Thumb Code   498  stm32l0xx_hal_uart.o(i.UART_SetConfig)
    UART_WaitOnFlagUntilTimeout              0x080026bb   Thumb Code    98  stm32l0xx_hal_uart.o(i.UART_WaitOnFlagUntilTimeout)
    USART1_IRQHandler                        0x0800271d   Thumb Code    10  stm32l0xx_it.o(i.USART1_IRQHandler)
    _Error_Handler                           0x0800272d   Thumb Code     2  main.o(i._Error_Handler)
    __ARM_common_switch8                     0x0800272f   Thumb Code    26  stm32l0xx_hal_tim.o(i.__ARM_common_switch8)
    __scatterload_copy                       0x08002749   Thumb Code    14  handlers.o(i.__scatterload_copy)
    __scatterload_null                       0x08002757   Thumb Code     2  handlers.o(i.__scatterload_null)
    __scatterload_zeroinit                   0x08002759   Thumb Code    14  handlers.o(i.__scatterload_zeroinit)
    main                                     0x08002769   Thumb Code   370  main.o(i.main)
    pwmInterrupt                             0x080028f5   Thumb Code     8  main.o(i.pwmInterrupt)
    toggleRed                                0x080028fd   Thumb Code    14  gpio.o(i.toggleRed)
    AHBPrescTable                            0x0800290a   Data          16  system_stm32l0xx.o(.constdata)
    PLLMulTable                              0x0800291a   Data           9  system_stm32l0xx.o(.constdata)
    APBPrescTable                            0x08002923   Data           8  system_stm32l0xx.o(.constdata)
    Region$$Table$$Base                      0x0800296c   Number         0  anon$$obj.o(Region$$Table)
    Region$$Table$$Limit                     0x0800298c   Number         0  anon$$obj.o(Region$$Table)
    uwTick                                   0x20000000   Data           4  stm32l0xx_hal.o(.data)
    SystemCoreClock                          0x20000004   Data           4  system_stm32l0xx.o(.data)
    huart1                                   0x20000024   Data         112  usart.o(.bss)
    htim2                                    0x20000094   Data          56  tim.o(.bss)
    htim6                                    0x200000cc   Data          56  tim.o(.bss)
    htim21                                   0x20000104   Data          56  tim.o(.bss)
    hdac                                     0x2000013c   Data          16  dac.o(.bss)
    hdma_dac_ch1                             0x2000014c   Data          64  dac.o(.bss)
    __initial_sp                             0x20000590   Data           0  startup_stm32l053xx.o(STACK)



==============================================================================

Memory Map of the image

  Image Entry point : 0x080000c1

  Load Region LR_IROM1 (Base: 0x08000000, Size: 0x000029b0, Max: 0x00010000, ABSOLUTE)

    Execution Region ER_IROM1 (Exec base: 0x08000000, Load base: 0x08000000, Size: 0x0000298c, Max: 0x00010000, ABSOLUTE)

    Exec Addr    Load Addr    Size         Type   Attr      Idx    E Section Name        Object

    0x08000000   0x08000000   0x000000c0   Data   RO         3300    RESET               startup_stm32l053xx.o
    0x080000c0   0x080000c0   0x00000000   Code   RO         3305  * .ARM.Collect$$$$00000000  mc_p.l(entry.o)
    0x080000c0   0x080000c0   0x00000004   Code   RO         3314    .ARM.Collect$$$$00000001  mc_p.l(entry2.o)
    0x080000c4   0x080000c4   0x00000004   Code   RO         3317    .ARM.Collect$$$$00000004  mc_p.l(entry5.o)
    0x080000c8   0x080000c8   0x00000000   Code   RO         3319    .ARM.Collect$$$$00000008  mc_p.l(entry7b.o)
    0x080000c8   0x080000c8   0x00000000   Code   RO         3321    .ARM.Collect$$$$0000000A  mc_p.l(entry8b.o)
    0x080000c8   0x080000c8   0x00000008   Code   RO         3322    .ARM.Collect$$$$0000000B  mc_p.l(entry9a.o)
    0x080000d0   0x080000d0   0x00000000   Code   RO         3324    .ARM.Collect$$$$0000000D  mc_p.l(entry10a.o)
    0x080000d0   0x080000d0   0x00000000   Code   RO         3326    .ARM.Collect$$$$0000000F  mc_p.l(entry11a.o)
    0x080000d0   0x080000d0   0x00000004   Code   RO         3315    .ARM.Collect$$$$00002712  mc_p.l(entry2.o)
    0x080000d4   0x080000d4   0x0000001c   Code   RO         3301    .text               startup_stm32l053xx.o
    0x080000f0   0x080000f0   0x0000002c   Code   RO         3308    .text               mc_p.l(uidiv.o)
    0x0800011c   0x0800011c   0x00000060   Code   RO         3310    .text               mc_p.l(uldiv.o)
    0x0800017c   0x0800017c   0x00000020   Code   RO         3328    .text               mc_p.l(llshl.o)
    0x0800019c   0x0800019c   0x00000022   Code   RO         3330    .text               mc_p.l(llushr.o)
    0x080001be   0x080001be   0x00000002   PAD
    0x080001c0   0x080001c0   0x00000024   Code   RO         3332    .text               mc_p.l(init.o)
    0x080001e4   0x080001e4   0x00000010   Code   RO         2815    i.DAC_DMAConvCpltCh1  stm32l0xx_hal_dac_ex.o
    0x080001f4   0x080001f4   0x00000018   Code   RO         2816    i.DAC_DMAErrorCh1   stm32l0xx_hal_dac_ex.o
    0x0800020c   0x0800020c   0x0000000a   Code   RO         2817    i.DAC_DMAHalfConvCpltCh1  stm32l0xx_hal_dac_ex.o
    0x08000216   0x08000216   0x00000002   PAD
    0x08000218   0x08000218   0x00000010   Code   RO         2926    i.DMA1_Channel2_3_IRQHandler  stm32l0xx_it.o
    0x08000228   0x08000228   0x0000001e   Code   RO         2558    i.DMA_SetConfig     stm32l0xx_hal_dma.o
    0x08000246   0x08000246   0x00000010   Code   RO         2927    i.EXTI0_1_IRQHandler  stm32l0xx_it.o
    0x08000256   0x08000256   0x00000010   Code   RO         2928    i.EXTI2_3_IRQHandler  stm32l0xx_it.o
    0x08000266   0x08000266   0x00000010   Code   RO         2929    i.EXTI4_15_IRQHandler  stm32l0xx_it.o
    0x08000276   0x08000276   0x00000002   PAD
    0x08000278   0x08000278   0x00000044   Code   RO         2693    i.HAL_DAC_ConfigChannel  stm32l0xx_hal_dac.o
    0x080002bc   0x080002bc   0x00000002   Code   RO         2694    i.HAL_DAC_ConvCpltCallbackCh1  stm32l0xx_hal_dac.o
    0x080002be   0x080002be   0x00000002   Code   RO         2695    i.HAL_DAC_ConvHalfCpltCallbackCh1  stm32l0xx_hal_dac.o
    0x080002c0   0x080002c0   0x00000002   Code   RO         2698    i.HAL_DAC_ErrorCallbackCh1  stm32l0xx_hal_dac.o
    0x080002c2   0x080002c2   0x0000002a   Code   RO         2703    i.HAL_DAC_Init      stm32l0xx_hal_dac.o
    0x080002ec   0x080002ec   0x00000088   Code   RO         3263    i.HAL_DAC_MspInit   dac.o
    0x08000374   0x08000374   0x00000048   Code   RO         2823    i.HAL_DAC_Start     stm32l0xx_hal_dac_ex.o
    0x080003bc   0x080003bc   0x0000008c   Code   RO         2824    i.HAL_DAC_Start_DMA  stm32l0xx_hal_dac_ex.o
    0x08000448   0x08000448   0x00000016   Code   RO         2709    i.HAL_DAC_Stop      stm32l0xx_hal_dac.o
    0x0800045e   0x0800045e   0x00000002   PAD
    0x08000460   0x08000460   0x00000098   Code   RO         2560    i.HAL_DMA_Abort_IT  stm32l0xx_hal_dma.o
    0x080004f8   0x080004f8   0x00000280   Code   RO         2564    i.HAL_DMA_IRQHandler  stm32l0xx_hal_dma.o
    0x08000778   0x08000778   0x00000108   Code   RO         2565    i.HAL_DMA_Init      stm32l0xx_hal_dma.o
    0x08000880   0x08000880   0x0000004e   Code   RO         2568    i.HAL_DMA_Start_IT  stm32l0xx_hal_dma.o
    0x080008ce   0x080008ce   0x00000002   Code   RO         2497    i.HAL_GPIO_EXTI_Callback  stm32l0xx_hal_gpio.o
    0x080008d0   0x080008d0   0x00000018   Code   RO         2498    i.HAL_GPIO_EXTI_IRQHandler  stm32l0xx_hal_gpio.o
    0x080008e8   0x080008e8   0x00000178   Code   RO         2499    i.HAL_GPIO_Init     stm32l0xx_hal_gpio.o
    0x08000a60   0x08000a60   0x0000000c   Code   RO         2503    i.HAL_GPIO_WritePin  stm32l0xx_hal_gpio.o
    0x08000a6c   0x08000a6c   0x0000000c   Code   RO          248    i.HAL_GetTick       stm32l0xx_hal.o
    0x08000a78   0x08000a78   0x00000010   Code   RO          249    i.HAL_IncTick       stm32l0xx_hal.o
    0x08000a88   0x08000a88   0x00000020   Code   RO          250    i.HAL_Init          stm32l0xx_hal.o
    0x08000aa8   0x08000aa8   0x00000028   Code   RO          251    i.HAL_InitTick      stm32l0xx_hal.o
    0x08000ad0   0x08000ad0   0x00000038   Code   RO         3166    i.HAL_MspInit       stm32l0xx_hal_msp.o
    0x08000b08   0x08000b08   0x00000014   Code   RO          405    i.HAL_NVIC_EnableIRQ  stm32l0xx_hal_cortex.o
    0x08000b1c   0x08000b1c   0x00000008   Code   RO          409    i.HAL_NVIC_SetPriority  stm32l0xx_hal_cortex.o
    0x08000b24   0x08000b24   0x000001a4   Code   RO           18    i.HAL_RCCEx_GetPeriphCLKFreq  stm32l0xx_hal_rcc_ex.o
    0x08000cc8   0x08000cc8   0x00000198   Code   RO           21    i.HAL_RCCEx_PeriphCLKConfig  stm32l0xx_hal_rcc_ex.o
    0x08000e60   0x08000e60   0x00000168   Code   RO         1190    i.HAL_RCC_ClockConfig  stm32l0xx_hal_rcc.o
    0x08000fc8   0x08000fc8   0x0000000c   Code   RO         1194    i.HAL_RCC_GetHCLKFreq  stm32l0xx_hal_rcc.o
    0x08000fd4   0x08000fd4   0x00000020   Code   RO         1196    i.HAL_RCC_GetPCLK1Freq  stm32l0xx_hal_rcc.o
    0x08000ff4   0x08000ff4   0x00000020   Code   RO         1197    i.HAL_RCC_GetPCLK2Freq  stm32l0xx_hal_rcc.o
    0x08001014   0x08001014   0x00000078   Code   RO         1198    i.HAL_RCC_GetSysClockFreq  stm32l0xx_hal_rcc.o
    0x0800108c   0x0800108c   0x00000452   Code   RO         1201    i.HAL_RCC_OscConfig  stm32l0xx_hal_rcc.o
    0x080014de   0x080014de   0x00000002   PAD
    0x080014e0   0x080014e0   0x00000018   Code   RO          411    i.HAL_SYSTICK_CLKSourceConfig  stm32l0xx_hal_cortex.o
    0x080014f8   0x080014f8   0x00000002   Code   RO          412    i.HAL_SYSTICK_Callback  stm32l0xx_hal_cortex.o
    0x080014fa   0x080014fa   0x00000002   PAD
    0x080014fc   0x080014fc   0x00000030   Code   RO          413    i.HAL_SYSTICK_Config  stm32l0xx_hal_cortex.o
    0x0800152c   0x0800152c   0x00000008   Code   RO          414    i.HAL_SYSTICK_IRQHandler  stm32l0xx_hal_cortex.o
    0x08001534   0x08001534   0x00000048   Code   RO         2420    i.HAL_TIMEx_MasterConfigSynchronization  stm32l0xx_hal_tim_ex.o
    0x0800157c   0x0800157c   0x00000034   Code   RO          566    i.HAL_TIM_Base_Init  stm32l0xx_hal_tim.o
    0x080015b0   0x080015b0   0x00000040   Code   RO         3187    i.HAL_TIM_Base_MspInit  tim.o
    0x080015f0   0x080015f0   0x00000018   Code   RO          569    i.HAL_TIM_Base_Start  stm32l0xx_hal_tim.o
    0x08001608   0x08001608   0x00000028   Code   RO          572    i.HAL_TIM_Base_Stop  stm32l0xx_hal_tim.o
    0x08001630   0x08001630   0x000000ee   Code   RO          575    i.HAL_TIM_ConfigClockSource  stm32l0xx_hal_tim.o
    0x0800171e   0x0800171e   0x00000002   Code   RO          595    i.HAL_TIM_IC_CaptureCallback  stm32l0xx_hal_tim.o
    0x08001720   0x08001720   0x00000126   Code   RO          608    i.HAL_TIM_IRQHandler  stm32l0xx_hal_tim.o
    0x08001846   0x08001846   0x00000002   PAD
    0x08001848   0x08001848   0x00000048   Code   RO         3188    i.HAL_TIM_MspPostInit  tim.o
    0x08001890   0x08001890   0x00000002   Code   RO          611    i.HAL_TIM_OC_DelayElapsedCallback  stm32l0xx_hal_tim.o
    0x08001892   0x08001892   0x000000d0   Code   RO          632    i.HAL_TIM_PWM_ConfigChannel  stm32l0xx_hal_tim.o
    0x08001962   0x08001962   0x00000002   PAD
    0x08001964   0x08001964   0x0000002c   Code   RO          633    i.HAL_TIM_PWM_DeInit  stm32l0xx_hal_tim.o
    0x08001990   0x08001990   0x00000034   Code   RO          635    i.HAL_TIM_PWM_Init  stm32l0xx_hal_tim.o
    0x080019c4   0x080019c4   0x00000002   Code   RO          636    i.HAL_TIM_PWM_MspDeInit  stm32l0xx_hal_tim.o
    0x080019c6   0x080019c6   0x00000002   Code   RO         3016    i.HAL_TIM_PWM_MspInit  main.o
    0x080019c8   0x080019c8   0x00000002   Code   RO          638    i.HAL_TIM_PWM_PulseFinishedCallback  stm32l0xx_hal_tim.o
    0x080019ca   0x080019ca   0x0000001a   Code   RO          639    i.HAL_TIM_PWM_Start  stm32l0xx_hal_tim.o
    0x080019e4   0x080019e4   0x00000002   Code   RO          645    i.HAL_TIM_PeriodElapsedCallback  stm32l0xx_hal_tim.o
    0x080019e6   0x080019e6   0x00000002   Code   RO          649    i.HAL_TIM_TriggerCallback  stm32l0xx_hal_tim.o
    0x080019e8   0x080019e8   0x00000002   Code   RO          509    i.HAL_UARTEx_WakeupCallback  stm32l0xx_hal_uart_ex.o
    0x080019ea   0x080019ea   0x00000002   Code   RO         1567    i.HAL_UART_ErrorCallback  stm32l0xx_hal_uart.o
    0x080019ec   0x080019ec   0x00000144   Code   RO         1570    i.HAL_UART_IRQHandler  stm32l0xx_hal_uart.o
    0x08001b30   0x08001b30   0x0000006c   Code   RO         1571    i.HAL_UART_Init     stm32l0xx_hal_uart.o
    0x08001b9c   0x08001b9c   0x00000054   Code   RO         3129    i.HAL_UART_MspInit  usart.o
    0x08001bf0   0x08001bf0   0x00000002   Code   RO         1577    i.HAL_UART_RxCpltCallback  stm32l0xx_hal_uart.o
    0x08001bf2   0x08001bf2   0x00000002   Code   RO         1582    i.HAL_UART_TxCpltCallback  stm32l0xx_hal_uart.o
    0x08001bf4   0x08001bf4   0x00000002   Code   RO         2930    i.HardFault_Handler  stm32l0xx_it.o
    0x08001bf6   0x08001bf6   0x00000002   PAD
    0x08001bf8   0x08001bf8   0x00000054   Code   RO         3264    i.MX_DAC_Init       dac.o
    0x08001c4c   0x08001c4c   0x00000028   Code   RO         3242    i.MX_DMA_Init       dma.o
    0x08001c74   0x08001c74   0x00000094   Code   RO         3096    i.MX_GPIO_Init      gpio.o
    0x08001d08   0x08001d08   0x000000c8   Code   RO         3189    i.MX_TIM21_Init     tim.o
    0x08001dd0   0x08001dd0   0x00000078   Code   RO         3190    i.MX_TIM2_Init      tim.o
    0x08001e48   0x08001e48   0x00000058   Code   RO         3191    i.MX_TIM6_Init      tim.o
    0x08001ea0   0x08001ea0   0x00000050   Code   RO         3130    i.MX_USART1_UART_Init  usart.o
    0x08001ef0   0x08001ef0   0x00000002   Code   RO         2931    i.NMI_Handler       stm32l0xx_it.o
    0x08001ef2   0x08001ef2   0x00000002   PAD
    0x08001ef4   0x08001ef4   0x00000044   Code   RO          415    i.NVIC_SetPriority  stm32l0xx_hal_cortex.o
    0x08001f38   0x08001f38   0x00000002   Code   RO         2932    i.PendSV_Handler    stm32l0xx_it.o
    0x08001f3a   0x08001f3a   0x00000002   PAD
    0x08001f3c   0x08001f3c   0x00000070   Code   RO         1202    i.RCC_SetFlashLatencyFromMSIRange  stm32l0xx_hal_rcc.o
    0x08001fac   0x08001fac   0x00000002   Code   RO         2933    i.SVC_Handler       stm32l0xx_it.o
    0x08001fae   0x08001fae   0x0000000c   Code   RO         2934    i.SysTick_Handler   stm32l0xx_it.o
    0x08001fba   0x08001fba   0x00000002   PAD
    0x08001fbc   0x08001fbc   0x00000088   Code   RO         3017    i.SystemClock_Config  main.o
    0x08002044   0x08002044   0x00000054   Code   RO         2893    i.SystemInit        system_stm32l0xx.o
    0x08002098   0x08002098   0x00000014   Code   RO         2935    i.TIM21_IRQHandler  stm32l0xx_it.o
    0x080020ac   0x080020ac   0x00000010   Code   RO         2936    i.TIM2_IRQHandler   stm32l0xx_it.o
    0x080020bc   0x080020bc   0x00000050   Code   RO          650    i.TIM_Base_SetConfig  stm32l0xx_hal_tim.o
    0x0800210c   0x0800210c   0x00000016   Code   RO          651    i.TIM_CCxChannelCmd  stm32l0xx_hal_tim.o
    0x08002122   0x08002122   0x00000016   Code   RO          657    i.TIM_ETR_SetConfig  stm32l0xx_hal_tim.o
    0x08002138   0x08002138   0x00000010   Code   RO          658    i.TIM_ITRx_SetConfig  stm32l0xx_hal_tim.o
    0x08002148   0x08002148   0x00000030   Code   RO          659    i.TIM_OC1_SetConfig  stm32l0xx_hal_tim.o
    0x08002178   0x08002178   0x00000032   Code   RO          660    i.TIM_OC2_SetConfig  stm32l0xx_hal_tim.o
    0x080021aa   0x080021aa   0x00000036   Code   RO          661    i.TIM_OC3_SetConfig  stm32l0xx_hal_tim.o
    0x080021e0   0x080021e0   0x00000036   Code   RO          662    i.TIM_OC4_SetConfig  stm32l0xx_hal_tim.o
    0x08002216   0x08002216   0x00000022   Code   RO          664    i.TIM_TI1_ConfigInputStage  stm32l0xx_hal_tim.o
    0x08002238   0x08002238   0x00000026   Code   RO          666    i.TIM_TI2_ConfigInputStage  stm32l0xx_hal_tim.o
    0x0800225e   0x0800225e   0x000000ca   Code   RO         1584    i.UART_AdvFeatureConfig  stm32l0xx_hal_uart.o
    0x08002328   0x08002328   0x00000060   Code   RO         1585    i.UART_CheckIdleState  stm32l0xx_hal_uart.o
    0x08002388   0x08002388   0x00000014   Code   RO         1586    i.UART_DMAAbortOnError  stm32l0xx_hal_uart.o
    0x0800239c   0x0800239c   0x0000001e   Code   RO         1596    i.UART_EndRxTransfer  stm32l0xx_hal_uart.o
    0x080023ba   0x080023ba   0x0000007e   Code   RO         1598    i.UART_Receive_IT   stm32l0xx_hal_uart.o
    0x08002438   0x08002438   0x0000021c   Code   RO         1599    i.UART_SetConfig    stm32l0xx_hal_uart.o
    0x08002654   0x08002654   0x00000066   Code   RO         1600    i.UART_Transmit_IT  stm32l0xx_hal_uart.o
    0x080026ba   0x080026ba   0x00000062   Code   RO         1601    i.UART_WaitOnFlagUntilTimeout  stm32l0xx_hal_uart.o
    0x0800271c   0x0800271c   0x00000010   Code   RO         2937    i.USART1_IRQHandler  stm32l0xx_it.o
    0x0800272c   0x0800272c   0x00000002   Code   RO         3018    i._Error_Handler    main.o
    0x0800272e   0x0800272e   0x0000001a   Code   RO         1182    i.__ARM_common_switch8  stm32l0xx_hal_tim.o
    0x08002748   0x08002748   0x0000000e   Code   RO         3336    i.__scatterload_copy  mc_p.l(handlers.o)
    0x08002756   0x08002756   0x00000002   Code   RO         3337    i.__scatterload_null  mc_p.l(handlers.o)
    0x08002758   0x08002758   0x0000000e   Code   RO         3338    i.__scatterload_zeroinit  mc_p.l(handlers.o)
    0x08002766   0x08002766   0x00000002   PAD
    0x08002768   0x08002768   0x0000018c   Code   RO         3020    i.main              main.o
    0x080028f4   0x080028f4   0x00000008   Code   RO         3021    i.pwmInterrupt      main.o
    0x080028fc   0x080028fc   0x0000000e   Code   RO         3098    i.toggleRed         gpio.o
    0x0800290a   0x0800290a   0x00000019   Data   RO         2894    .constdata          system_stm32l0xx.o
    0x08002923   0x08002923   0x00000008   Data   RO         2895    .constdata          system_stm32l0xx.o
    0x0800292b   0x0800292b   0x00000001   PAD
    0x0800292c   0x0800292c   0x00000040   Data   RO         3023    .constdata          main.o
    0x0800296c   0x0800296c   0x00000020   Data   RO         3334    Region$$Table       anon$$obj.o


    Execution Region RW_IRAM1 (Exec base: 0x20000000, Load base: 0x0800298c, Size: 0x00000590, Max: 0x00002000, ABSOLUTE)

    Exec Addr    Load Addr    Size         Type   Attr      Idx    E Section Name        Object

    0x20000000   0x0800298c   0x00000004   Data   RW          260    .data               stm32l0xx_hal.o
    0x20000004   0x08002990   0x00000004   Data   RW         2896    .data               system_stm32l0xx.o
    0x20000008   0x08002994   0x0000001c   Data   RW         3024    .data               main.o
    0x20000024        -       0x00000070   Zero   RW         3131    .bss                usart.o
    0x20000094        -       0x000000a8   Zero   RW         3192    .bss                tim.o
    0x2000013c        -       0x00000050   Zero   RW         3265    .bss                dac.o
    0x2000018c   0x080029b0   0x00000004   PAD
    0x20000190        -       0x00000400   Zero   RW         3298    STACK               startup_stm32l053xx.o


==============================================================================

Image component sizes


      Code (inc. data)   RO Data    RW Data    ZI Data      Debug   Object Name

       220         58          0          0         80       1644   dac.o
        40          4          0          0          0        726   dma.o
       162         12          0          0          0       1275   gpio.o
       544         32         64         28          0       4690   main.o
        28          8        192          0       1024        604   startup_stm32l053xx.o
       100         24          0          4          0       3127   stm32l0xx_hal.o
       178         28          0          0          0      12299   stm32l0xx_hal_cortex.o
       138          4          0          0          0       4029   stm32l0xx_hal_dac.o
       262         12          0          0          0       3760   stm32l0xx_hal_dac_ex.o
      1164         20          0          0          0       4510   stm32l0xx_hal_dma.o
       414         36          0          0          0       3488   stm32l0xx_hal_gpio.o
        56          4          0          0          0        466   stm32l0xx_hal_msp.o
      1774        126          0          0          0       6976   stm32l0xx_hal_rcc.o
       828         52          0          0          0     372361   stm32l0xx_hal_rcc_ex.o
      1434         20          0          0          0      16859   stm32l0xx_hal_tim.o
        72          0          0          0          0       1168   stm32l0xx_hal_tim_ex.o
      1652         78          0          0          0      10452   stm32l0xx_hal_uart.o
         2          0          0          0          0        992   stm32l0xx_hal_uart_ex.o
       136         24          0          0          0       5341   stm32l0xx_it.o
        84         18         33          4          0       1223   system_stm32l0xx.o
       544         96          0          0        168       3360   tim.o
       164         34          0          0        112       1566   usart.o

    ----------------------------------------------------------------------
     10018        690        322         36       1388     460916   Object Totals
         0          0         32          0          0          0   (incl. Generated)
        22          0          1          0          4          0   (incl. Padding)

    ----------------------------------------------------------------------

      Code (inc. data)   RO Data    RW Data    ZI Data      Debug   Library Member Name

         0          0          0          0          0          0   entry.o
         0          0          0          0          0          0   entry10a.o
         0          0          0          0          0          0   entry11a.o
         8          4          0          0          0          0   entry2.o
         4          0          0          0          0          0   entry5.o
         0          0          0          0          0          0   entry7b.o
         0          0          0          0          0          0   entry8b.o
         8          4          0          0          0          0   entry9a.o
        30          0          0          0          0          0   handlers.o
        36          8          0          0          0         68   init.o
        32          0          0          0          0         68   llshl.o
        34          0          0          0          0         68   llushr.o
        44          0          0          0          0         72   uidiv.o
        96          0          0          0          0         84   uldiv.o

    ----------------------------------------------------------------------
       296         16          0          0          0        360   Library Totals
         4          0          0          0          0          0   (incl. Padding)

    ----------------------------------------------------------------------

      Code (inc. data)   RO Data    RW Data    ZI Data      Debug   Library Name

       292         16          0          0          0        360   mc_p.l

    ----------------------------------------------------------------------
       296         16          0          0          0        360   Library Totals

    ----------------------------------------------------------------------

==============================================================================


      Code (inc. data)   RO Data    RW Data    ZI Data      Debug   

     10314        706        322         36       1388     456588   Grand Totals
     10314        706        322         36       1388     456588   ELF Image Totals
     10314        706        322         36          0          0   ROM Totals

==============================================================================

    Total RO  Size (Code + RO Data)                10636 (  10.39kB)
    Total RW  Size (RW Data + ZI Data)              1424 (   1.39kB)
    Total ROM Size (Code + RO Data + RW Data)      10672 (  10.42kB)

==============================================================================

